15:56:03 **** Build of configuration Debug for project PassLock_nucleo_f446re ****
make -j12 all 
arm-none-eabi-gcc "../Drivers/STM32F4xx_HAL_Driver/Src/stm32f4xx_hal.c" -mcpu=cortex-m4 -std=gnu11 -g3 -DDEBUG -DUSE_HAL_DRIVER -DSTM32F446xx -c -I../Core/Inc -I../Drivers/STM32F4xx_HAL_Driver/Inc -I../Drivers/STM32F4xx_HAL_Driver/Inc/Legacy -I../Drivers/CMSIS/Device/ST/STM32F4xx/Include -I../Drivers/CMSIS/Include -O0 -ffunction-sections -fdata-sections -Wall -fstack-usage -fcyclomatic-complexity -MMD -MP -MF"Drivers/STM32F4xx_HAL_Driver/Src/stm32f4xx_hal.d" -MT"Drivers/STM32F4xx_HAL_Driver/Src/stm32f4xx_hal.o" --specs=nano.specs -mfpu=fpv4-sp-d16 -mfloat-abi=hard -mthumb -o "Drivers/STM32F4xx_HAL_Driver/Src/stm32f4xx_hal.o"
arm-none-eabi-gcc "../Drivers/STM32F4xx_HAL_Driver/Src/stm32f4xx_hal_cortex.c" -mcpu=cortex-m4 -std=gnu11 -g3 -DDEBUG -DUSE_HAL_DRIVER -DSTM32F446xx -c -I../Core/Inc -I../Drivers/STM32F4xx_HAL_Driver/Inc -I../Drivers/STM32F4xx_HAL_Driver/Inc/Legacy -I../Drivers/CMSIS/Device/ST/STM32F4xx/Include -I../Drivers/CMSIS/Include -O0 -ffunction-sections -fdata-sections -Wall -fstack-usage -fcyclomatic-complexity -MMD -MP -MF"Drivers/STM32F4xx_HAL_Driver/Src/stm32f4xx_hal_cortex.d" -MT"Drivers/STM32F4xx_HAL_Driver/Src/stm32f4xx_hal_cortex.o" --specs=nano.specs -mfpu=fpv4-sp-d16 -mfloat-abi=hard -mthumb -o "Drivers/STM32F4xx_HAL_Driver/Src/stm32f4xx_hal_cortex.o"
arm-none-eabi-gcc "../Drivers/STM32F4xx_HAL_Driver/Src/stm32f4xx_hal_dma.c" -mcpu=cortex-m4 -std=gnu11 -g3 -DDEBUG -DUSE_HAL_DRIVER -DSTM32F446xx -c -I../Core/Inc -I../Drivers/STM32F4xx_HAL_Driver/Inc -I../Drivers/STM32F4xx_HAL_Driver/Inc/Legacy -I../Drivers/CMSIS/Device/ST/STM32F4xx/Include -I../Drivers/CMSIS/Include -O0 -ffunction-sections -fdata-sections -Wall -fstack-usage -fcyclomatic-complexity -MMD -MP -MF"Drivers/STM32F4xx_HAL_Driver/Src/stm32f4xx_hal_dma.d" -MT"Drivers/STM32F4xx_HAL_Driver/Src/stm32f4xx_hal_dma.o" --specs=nano.specs -mfpu=fpv4-sp-d16 -mfloat-abi=hard -mthumb -o "Drivers/STM32F4xx_HAL_Driver/Src/stm32f4xx_hal_dma.o"
arm-none-eabi-gcc "../Drivers/STM32F4xx_HAL_Driver/Src/stm32f4xx_hal_dma_ex.c" -mcpu=cortex-m4 -std=gnu11 -g3 -DDEBUG -DUSE_HAL_DRIVER -DSTM32F446xx -c -I../Core/Inc -I../Drivers/STM32F4xx_HAL_Driver/Inc -I../Drivers/STM32F4xx_HAL_Driver/Inc/Legacy -I../Drivers/CMSIS/Device/ST/STM32F4xx/Include -I../Drivers/CMSIS/Include -O0 -ffunction-sections -fdata-sections -Wall -fstack-usage -fcyclomatic-complexity -MMD -MP -MF"Drivers/STM32F4xx_HAL_Driver/Src/stm32f4xx_hal_dma_ex.d" -MT"Drivers/STM32F4xx_HAL_Driver/Src/stm32f4xx_hal_dma_ex.o" --specs=nano.specs -mfpu=fpv4-sp-d16 -mfloat-abi=hard -mthumb -o "Drivers/STM32F4xx_HAL_Driver/Src/stm32f4xx_hal_dma_ex.o"
arm-none-eabi-gcc "../Drivers/STM32F4xx_HAL_Driver/Src/stm32f4xx_hal_exti.c" -mcpu=cortex-m4 -std=gnu11 -g3 -DDEBUG -DUSE_HAL_DRIVER -DSTM32F446xx -c -I../Core/Inc -I../Drivers/STM32F4xx_HAL_Driver/Inc -I../Drivers/STM32F4xx_HAL_Driver/Inc/Legacy -I../Drivers/CMSIS/Device/ST/STM32F4xx/Include -I../Drivers/CMSIS/Include -O0 -ffunction-sections -fdata-sections -Wall -fstack-usage -fcyclomatic-complexity -MMD -MP -MF"Drivers/STM32F4xx_HAL_Driver/Src/stm32f4xx_hal_exti.d" -MT"Drivers/STM32F4xx_HAL_Driver/Src/stm32f4xx_hal_exti.o" --specs=nano.specs -mfpu=fpv4-sp-d16 -mfloat-abi=hard -mthumb -o "Drivers/STM32F4xx_HAL_Driver/Src/stm32f4xx_hal_exti.o"
arm-none-eabi-gcc "../Drivers/STM32F4xx_HAL_Driver/Src/stm32f4xx_hal_flash.c" -mcpu=cortex-m4 -std=gnu11 -g3 -DDEBUG -DUSE_HAL_DRIVER -DSTM32F446xx -c -I../Core/Inc -I../Drivers/STM32F4xx_HAL_Driver/Inc -I../Drivers/STM32F4xx_HAL_Driver/Inc/Legacy -I../Drivers/CMSIS/Device/ST/STM32F4xx/Include -I../Drivers/CMSIS/Include -O0 -ffunction-sections -fdata-sections -Wall -fstack-usage -fcyclomatic-complexity -MMD -MP -MF"Drivers/STM32F4xx_HAL_Driver/Src/stm32f4xx_hal_flash.d" -MT"Drivers/STM32F4xx_HAL_Driver/Src/stm32f4xx_hal_flash.o" --specs=nano.specs -mfpu=fpv4-sp-d16 -mfloat-abi=hard -mthumb -o "Drivers/STM32F4xx_HAL_Driver/Src/stm32f4xx_hal_flash.o"
arm-none-eabi-gcc "../Drivers/STM32F4xx_HAL_Driver/Src/stm32f4xx_hal_flash_ex.c" -mcpu=cortex-m4 -std=gnu11 -g3 -DDEBUG -DUSE_HAL_DRIVER -DSTM32F446xx -c -I../Core/Inc -I../Drivers/STM32F4xx_HAL_Driver/Inc -I../Drivers/STM32F4xx_HAL_Driver/Inc/Legacy -I../Drivers/CMSIS/Device/ST/STM32F4xx/Include -I../Drivers/CMSIS/Include -O0 -ffunction-sections -fdata-sections -Wall -fstack-usage -fcyclomatic-complexity -MMD -MP -MF"Drivers/STM32F4xx_HAL_Driver/Src/stm32f4xx_hal_flash_ex.d" -MT"Drivers/STM32F4xx_HAL_Driver/Src/stm32f4xx_hal_flash_ex.o" --specs=nano.specs -mfpu=fpv4-sp-d16 -mfloat-abi=hard -mthumb -o "Drivers/STM32F4xx_HAL_Driver/Src/stm32f4xx_hal_flash_ex.o"
arm-none-eabi-gcc "../Drivers/STM32F4xx_HAL_Driver/Src/stm32f4xx_hal_flash_ramfunc.c" -mcpu=cortex-m4 -std=gnu11 -g3 -DDEBUG -DUSE_HAL_DRIVER -DSTM32F446xx -c -I../Core/Inc -I../Drivers/STM32F4xx_HAL_Driver/Inc -I../Drivers/STM32F4xx_HAL_Driver/Inc/Legacy -I../Drivers/CMSIS/Device/ST/STM32F4xx/Include -I../Drivers/CMSIS/Include -O0 -ffunction-sections -fdata-sections -Wall -fstack-usage -fcyclomatic-complexity -MMD -MP -MF"Drivers/STM32F4xx_HAL_Driver/Src/stm32f4xx_hal_flash_ramfunc.d" -MT"Drivers/STM32F4xx_HAL_Driver/Src/stm32f4xx_hal_flash_ramfunc.o" --specs=nano.specs -mfpu=fpv4-sp-d16 -mfloat-abi=hard -mthumb -o "Drivers/STM32F4xx_HAL_Driver/Src/stm32f4xx_hal_flash_ramfunc.o"
arm-none-eabi-gcc "../Drivers/STM32F4xx_HAL_Driver/Src/stm32f4xx_hal_gpio.c" -mcpu=cortex-m4 -std=gnu11 -g3 -DDEBUG -DUSE_HAL_DRIVER -DSTM32F446xx -c -I../Core/Inc -I../Drivers/STM32F4xx_HAL_Driver/Inc -I../Drivers/STM32F4xx_HAL_Driver/Inc/Legacy -I../Drivers/CMSIS/Device/ST/STM32F4xx/Include -I../Drivers/CMSIS/Include -O0 -ffunction-sections -fdata-sections -Wall -fstack-usage -fcyclomatic-complexity -MMD -MP -MF"Drivers/STM32F4xx_HAL_Driver/Src/stm32f4xx_hal_gpio.d" -MT"Drivers/STM32F4xx_HAL_Driver/Src/stm32f4xx_hal_gpio.o" --specs=nano.specs -mfpu=fpv4-sp-d16 -mfloat-abi=hard -mthumb -o "Drivers/STM32F4xx_HAL_Driver/Src/stm32f4xx_hal_gpio.o"
arm-none-eabi-gcc "../Drivers/STM32F4xx_HAL_Driver/Src/stm32f4xx_hal_i2c.c" -mcpu=cortex-m4 -std=gnu11 -g3 -DDEBUG -DUSE_HAL_DRIVER -DSTM32F446xx -c -I../Core/Inc -I../Drivers/STM32F4xx_HAL_Driver/Inc -I../Drivers/STM32F4xx_HAL_Driver/Inc/Legacy -I../Drivers/CMSIS/Device/ST/STM32F4xx/Include -I../Drivers/CMSIS/Include -O0 -ffunction-sections -fdata-sections -Wall -fstack-usage -fcyclomatic-complexity -MMD -MP -MF"Drivers/STM32F4xx_HAL_Driver/Src/stm32f4xx_hal_i2c.d" -MT"Drivers/STM32F4xx_HAL_Driver/Src/stm32f4xx_hal_i2c.o" --specs=nano.specs -mfpu=fpv4-sp-d16 -mfloat-abi=hard -mthumb -o "Drivers/STM32F4xx_HAL_Driver/Src/stm32f4xx_hal_i2c.o"
arm-none-eabi-gcc "../Drivers/STM32F4xx_HAL_Driver/Src/stm32f4xx_hal_i2c_ex.c" -mcpu=cortex-m4 -std=gnu11 -g3 -DDEBUG -DUSE_HAL_DRIVER -DSTM32F446xx -c -I../Core/Inc -I../Drivers/STM32F4xx_HAL_Driver/Inc -I../Drivers/STM32F4xx_HAL_Driver/Inc/Legacy -I../Drivers/CMSIS/Device/ST/STM32F4xx/Include -I../Drivers/CMSIS/Include -O0 -ffunction-sections -fdata-sections -Wall -fstack-usage -fcyclomatic-complexity -MMD -MP -MF"Drivers/STM32F4xx_HAL_Driver/Src/stm32f4xx_hal_i2c_ex.d" -MT"Drivers/STM32F4xx_HAL_Driver/Src/stm32f4xx_hal_i2c_ex.o" --specs=nano.specs -mfpu=fpv4-sp-d16 -mfloat-abi=hard -mthumb -o "Drivers/STM32F4xx_HAL_Driver/Src/stm32f4xx_hal_i2c_ex.o"
arm-none-eabi-gcc "../Drivers/STM32F4xx_HAL_Driver/Src/stm32f4xx_hal_pwr.c" -mcpu=cortex-m4 -std=gnu11 -g3 -DDEBUG -DUSE_HAL_DRIVER -DSTM32F446xx -c -I../Core/Inc -I../Drivers/STM32F4xx_HAL_Driver/Inc -I../Drivers/STM32F4xx_HAL_Driver/Inc/Legacy -I../Drivers/CMSIS/Device/ST/STM32F4xx/Include -I../Drivers/CMSIS/Include -O0 -ffunction-sections -fdata-sections -Wall -fstack-usage -fcyclomatic-complexity -MMD -MP -MF"Drivers/STM32F4xx_HAL_Driver/Src/stm32f4xx_hal_pwr.d" -MT"Drivers/STM32F4xx_HAL_Driver/Src/stm32f4xx_hal_pwr.o" --specs=nano.specs -mfpu=fpv4-sp-d16 -mfloat-abi=hard -mthumb -o "Drivers/STM32F4xx_HAL_Driver/Src/stm32f4xx_hal_pwr.o"
arm-none-eabi-gcc "../Drivers/STM32F4xx_HAL_Driver/Src/stm32f4xx_hal_pwr_ex.c" -mcpu=cortex-m4 -std=gnu11 -g3 -DDEBUG -DUSE_HAL_DRIVER -DSTM32F446xx -c -I../Core/Inc -I../Drivers/STM32F4xx_HAL_Driver/Inc -I../Drivers/STM32F4xx_HAL_Driver/Inc/Legacy -I../Drivers/CMSIS/Device/ST/STM32F4xx/Include -I../Drivers/CMSIS/Include -O0 -ffunction-sections -fdata-sections -Wall -fstack-usage -fcyclomatic-complexity -MMD -MP -MF"Drivers/STM32F4xx_HAL_Driver/Src/stm32f4xx_hal_pwr_ex.d" -MT"Drivers/STM32F4xx_HAL_Driver/Src/stm32f4xx_hal_pwr_ex.o" --specs=nano.specs -mfpu=fpv4-sp-d16 -mfloat-abi=hard -mthumb -o "Drivers/STM32F4xx_HAL_Driver/Src/stm32f4xx_hal_pwr_ex.o"
arm-none-eabi-gcc "../Drivers/STM32F4xx_HAL_Driver/Src/stm32f4xx_hal_rcc.c" -mcpu=cortex-m4 -std=gnu11 -g3 -DDEBUG -DUSE_HAL_DRIVER -DSTM32F446xx -c -I../Core/Inc -I../Drivers/STM32F4xx_HAL_Driver/Inc -I../Drivers/STM32F4xx_HAL_Driver/Inc/Legacy -I../Drivers/CMSIS/Device/ST/STM32F4xx/Include -I../Drivers/CMSIS/Include -O0 -ffunction-sections -fdata-sections -Wall -fstack-usage -fcyclomatic-complexity -MMD -MP -MF"Drivers/STM32F4xx_HAL_Driver/Src/stm32f4xx_hal_rcc.d" -MT"Drivers/STM32F4xx_HAL_Driver/Src/stm32f4xx_hal_rcc.o" --specs=nano.specs -mfpu=fpv4-sp-d16 -mfloat-abi=hard -mthumb -o "Drivers/STM32F4xx_HAL_Driver/Src/stm32f4xx_hal_rcc.o"
arm-none-eabi-gcc "../Drivers/STM32F4xx_HAL_Driver/Src/stm32f4xx_hal_rcc_ex.c" -mcpu=cortex-m4 -std=gnu11 -g3 -DDEBUG -DUSE_HAL_DRIVER -DSTM32F446xx -c -I../Core/Inc -I../Drivers/STM32F4xx_HAL_Driver/Inc -I../Drivers/STM32F4xx_HAL_Driver/Inc/Legacy -I../Drivers/CMSIS/Device/ST/STM32F4xx/Include -I../Drivers/CMSIS/Include -O0 -ffunction-sections -fdata-sections -Wall -fstack-usage -fcyclomatic-complexity -MMD -MP -MF"Drivers/STM32F4xx_HAL_Driver/Src/stm32f4xx_hal_rcc_ex.d" -MT"Drivers/STM32F4xx_HAL_Driver/Src/stm32f4xx_hal_rcc_ex.o" --specs=nano.specs -mfpu=fpv4-sp-d16 -mfloat-abi=hard -mthumb -o "Drivers/STM32F4xx_HAL_Driver/Src/stm32f4xx_hal_rcc_ex.o"
arm-none-eabi-gcc "../Drivers/STM32F4xx_HAL_Driver/Src/stm32f4xx_hal_uart.c" -mcpu=cortex-m4 -std=gnu11 -g3 -DDEBUG -DUSE_HAL_DRIVER -DSTM32F446xx -c -I../Core/Inc -I../Drivers/STM32F4xx_HAL_Driver/Inc -I../Drivers/STM32F4xx_HAL_Driver/Inc/Legacy -I../Drivers/CMSIS/Device/ST/STM32F4xx/Include -I../Drivers/CMSIS/Include -O0 -ffunction-sections -fdata-sections -Wall -fstack-usage -fcyclomatic-complexity -MMD -MP -MF"Drivers/STM32F4xx_HAL_Driver/Src/stm32f4xx_hal_uart.d" -MT"Drivers/STM32F4xx_HAL_Driver/Src/stm32f4xx_hal_uart.o" --specs=nano.specs -mfpu=fpv4-sp-d16 -mfloat-abi=hard -mthumb -o "Drivers/STM32F4xx_HAL_Driver/Src/stm32f4xx_hal_uart.o"
arm-none-eabi-gcc -mcpu=cortex-m4 -g3 -DDEBUG -c -x assembler-with-cpp -MMD -MP -MF"Core/Startup/startup_stm32f446retx.d" -MT"Core/Startup/startup_stm32f446retx.o" --specs=nano.specs -mfpu=fpv4-sp-d16 -mfloat-abi=hard -mthumb -o "Core/Startup/startup_stm32f446retx.o" "../Core/Startup/startup_stm32f446retx.s"
arm-none-eabi-gcc "../Core/Src/main.c" -mcpu=cortex-m4 -std=gnu11 -g3 -DDEBUG -DUSE_HAL_DRIVER -DSTM32F446xx -c -I../Core/Inc -I../Drivers/STM32F4xx_HAL_Driver/Inc -I../Drivers/STM32F4xx_HAL_Driver/Inc/Legacy -I../Drivers/CMSIS/Device/ST/STM32F4xx/Include -I../Drivers/CMSIS/Include -O0 -ffunction-sections -fdata-sections -Wall -fstack-usage -fcyclomatic-complexity -MMD -MP -MF"Core/Src/main.d" -MT"Core/Src/main.o" --specs=nano.specs -mfpu=fpv4-sp-d16 -mfloat-abi=hard -mthumb -o "Core/Src/main.o"
arm-none-eabi-gcc "../Core/Src/stm32f4xx_hal_msp.c" -mcpu=cortex-m4 -std=gnu11 -g3 -DDEBUG -DUSE_HAL_DRIVER -DSTM32F446xx -c -I../Core/Inc -I../Drivers/STM32F4xx_HAL_Driver/Inc -I../Drivers/STM32F4xx_HAL_Driver/Inc/Legacy -I../Drivers/CMSIS/Device/ST/STM32F4xx/Include -I../Drivers/CMSIS/Include -O0 -ffunction-sections -fdata-sections -Wall -fstack-usage -fcyclomatic-complexity -MMD -MP -MF"Core/Src/stm32f4xx_hal_msp.d" -MT"Core/Src/stm32f4xx_hal_msp.o" --specs=nano.specs -mfpu=fpv4-sp-d16 -mfloat-abi=hard -mthumb -o "Core/Src/stm32f4xx_hal_msp.o"
arm-none-eabi-gcc "../Core/Src/stm32f4xx_it.c" -mcpu=cortex-m4 -std=gnu11 -g3 -DDEBUG -DUSE_HAL_DRIVER -DSTM32F446xx -c -I../Core/Inc -I../Drivers/STM32F4xx_HAL_Driver/Inc -I../Drivers/STM32F4xx_HAL_Driver/Inc/Legacy -I../Drivers/CMSIS/Device/ST/STM32F4xx/Include -I../Drivers/CMSIS/Include -O0 -ffunction-sections -fdata-sections -Wall -fstack-usage -fcyclomatic-complexity -MMD -MP -MF"Core/Src/stm32f4xx_it.d" -MT"Core/Src/stm32f4xx_it.o" --specs=nano.specs -mfpu=fpv4-sp-d16 -mfloat-abi=hard -mthumb -o "Core/Src/stm32f4xx_it.o"
arm-none-eabi-gcc "../Core/Src/syscalls.c" -mcpu=cortex-m4 -std=gnu11 -g3 -DDEBUG -DUSE_HAL_DRIVER -DSTM32F446xx -c -I../Core/Inc -I../Drivers/STM32F4xx_HAL_Driver/Inc -I../Drivers/STM32F4xx_HAL_Driver/Inc/Legacy -I../Drivers/CMSIS/Device/ST/STM32F4xx/Include -I../Drivers/CMSIS/Include -O0 -ffunction-sections -fdata-sections -Wall -fstack-usage -fcyclomatic-complexity -MMD -MP -MF"Core/Src/syscalls.d" -MT"Core/Src/syscalls.o" --specs=nano.specs -mfpu=fpv4-sp-d16 -mfloat-abi=hard -mthumb -o "Core/Src/syscalls.o"
arm-none-eabi-gcc "../Core/Src/sysmem.c" -mcpu=cortex-m4 -std=gnu11 -g3 -DDEBUG -DUSE_HAL_DRIVER -DSTM32F446xx -c -I../Core/Inc -I../Drivers/STM32F4xx_HAL_Driver/Inc -I../Drivers/STM32F4xx_HAL_Driver/Inc/Legacy -I../Drivers/CMSIS/Device/ST/STM32F4xx/Include -I../Drivers/CMSIS/Include -O0 -ffunction-sections -fdata-sections -Wall -fstack-usage -fcyclomatic-complexity -MMD -MP -MF"Core/Src/sysmem.d" -MT"Core/Src/sysmem.o" --specs=nano.specs -mfpu=fpv4-sp-d16 -mfloat-abi=hard -mthumb -o "Core/Src/sysmem.o"
arm-none-eabi-gcc "../Core/Src/system_stm32f4xx.c" -mcpu=cortex-m4 -std=gnu11 -g3 -DDEBUG -DUSE_HAL_DRIVER -DSTM32F446xx -c -I../Core/Inc -I../Drivers/STM32F4xx_HAL_Driver/Inc -I../Drivers/STM32F4xx_HAL_Driver/Inc/Legacy -I../Drivers/CMSIS/Device/ST/STM32F4xx/Include -I../Drivers/CMSIS/Include -O0 -ffunction-sections -fdata-sections -Wall -fstack-usage -fcyclomatic-complexity -MMD -MP -MF"Core/Src/system_stm32f4xx.d" -MT"Core/Src/system_stm32f4xx.o" --specs=nano.specs -mfpu=fpv4-sp-d16 -mfloat-abi=hard -mthumb -o "Core/Src/system_stm32f4xx.o"
arm-none-eabi-gcc -o "PassLock_nucleo_f446re.elf" @"objects.list"   -mcpu=cortex-m4 -T"C:\Users\AJ\OneDrive\Documents\Embedded Projects\AccessX\PassLock_nucleo_f446re\STM32F446RETX_FLASH.ld" --specs=nosys.specs -Wl,-Map="PassLock_nucleo_f446re.map" -Wl,--gc-sections -static --specs=nano.specs -mfpu=fpv4-sp-d16 -mfloat-abi=hard -mthumb -Wl,--start-group -lc -lm -Wl,--end-group
Finished building target: PassLock_nucleo_f446re.elf
 
arm-none-eabi-size  PassLock_nucleo_f446re.elf 
arm-none-eabi-objdump -h -S PassLock_nucleo_f446re.elf  > "PassLock_nucleo_f446re.list"
   text	   data	    bss	    dec	    hex	filename
   9160	     12	   1724	  10896	   2a90	PassLock_nucleo_f446re.elf
Finished building: default.size.stdout
 
Finished building: PassLock_nucleo_f446re.list
 
15:56:22 **** Incremental Build of configuration Debug for project PassLock_nucleo_f446re ****
make -j12 all 
arm-none-eabi-gcc "../Core/Src/main.c" -mcpu=cortex-m4 -std=gnu11 -g3 -DDEBUG -DUSE_HAL_DRIVER -DSTM32F446xx -c -I../Core/Inc -I../Drivers/STM32F4xx_HAL_Driver/Inc -I../Drivers/STM32F4xx_HAL_Driver/Inc/Legacy -I../Drivers/CMSIS/Device/ST/STM32F4xx/Include -I../Drivers/CMSIS/Include -O0 -ffunction-sections -fdata-sections -Wall -fstack-usage -fcyclomatic-complexity -MMD -MP -MF"Core/Src/main.d" -MT"Core/Src/main.o" --specs=nano.specs -mfpu=fpv4-sp-d16 -mfloat-abi=hard -mthumb -o "Core/Src/main.o"
arm-none-eabi-gcc -o "PassLock_nucleo_f446re.elf" @"objects.list"   -mcpu=cortex-m4 -T"C:\Users\AJ\OneDrive\Documents\Embedded Projects\AccessX\PassLock_nucleo_f446re\STM32F446RETX_FLASH.ld" --specs=nosys.specs -Wl,-Map="PassLock_nucleo_f446re.map" -Wl,--gc-sections -static --specs=nano.specs -mfpu=fpv4-sp-d16 -mfloat-abi=hard -mthumb -Wl,--start-group -lc -lm -Wl,--end-group
Finished building target: PassLock_nucleo_f446re.elf
 
arm-none-eabi-size  PassLock_nucleo_f446re.elf 
arm-none-eabi-objdump -h -S PassLock_nucleo_f446re.elf  > "PassLock_nucleo_f446re.list"
   text	   data	    bss	    dec	    hex	filename
   9160	     12	   1724	  10896	   2a90	PassLock_nucleo_f446re.elf
Finished building: default.size.stdout
 
Finished building: PassLock_nucleo_f446re.list
 
16:58:18 **** Incremental Build of configuration Debug for project PassLock_nucleo_f446re ****
make -j12 all 
arm-none-eabi-gcc "../Core/Src/main.c" -mcpu=cortex-m4 -std=gnu11 -g3 -DDEBUG -DUSE_HAL_DRIVER -DSTM32F446xx -c -I../Core/Inc -I../Drivers/STM32F4xx_HAL_Driver/Inc -I../Drivers/STM32F4xx_HAL_Driver/Inc/Legacy -I../Drivers/CMSIS/Device/ST/STM32F4xx/Include -I../Drivers/CMSIS/Include -O0 -ffunction-sections -fdata-sections -Wall -fstack-usage -fcyclomatic-complexity -MMD -MP -MF"Core/Src/main.d" -MT"Core/Src/main.o" --specs=nano.specs -mfpu=fpv4-sp-d16 -mfloat-abi=hard -mthumb -o "Core/Src/main.o"
../Core/Src/main.c: In function 'main':
../Core/Src/main.c:156:21: error: 'LED_GREEN_Port' undeclared (first use in this function); did you mean 'LED_GREEN_Pin'?
  156 |   HAL_GPIO_WritePin(LED_GREEN_Port, LED_GREEN_Pin, GPIO_PIN_SET);
      |                     ^~~~~~~~~~~~~~
      |                     LED_GREEN_Pin
../Core/Src/main.c:156:21: note: each undeclared identifier is reported only once for each function it appears in
../Core/Src/main.c:160:21: error: 'LED_RED_Port' undeclared (first use in this function); did you mean 'LED_RED_Pin'?
  160 |   HAL_GPIO_WritePin(LED_RED_Port, LED_RED_Pin, GPIO_PIN_SET);
      |                     ^~~~~~~~~~~~
      |                     LED_RED_Pin
../Core/Src/main.c:166:21: error: 'RELAY_Port' undeclared (first use in this function); did you mean 'RELAY_Pin'?
  166 |   HAL_GPIO_WritePin(RELAY_Port, RELAY_Pin, GPIO_PIN_SET);
      |                     ^~~~~~~~~~
      |                     RELAY_Pin
../Core/Src/main.c:173:29: error: 'BUZZER_Port' undeclared (first use in this function); did you mean 'BUZZER_Pin'?
  173 |           HAL_GPIO_WritePin(BUZZER_Port, BUZZER_Pin, GPIO_PIN_SET);
      |                             ^~~~~~~~~~~
      |                             BUZZER_Pin
make: *** [Core/Src/subdir.mk:34: Core/Src/main.o] Error 1
"make -j12 all" terminated with exit code 2. Build might be incomplete.
17:00:53 **** Incremental Build of configuration Debug for project PassLock_nucleo_f446re ****
make -j12 all 
arm-none-eabi-gcc "../Core/Src/main.c" -mcpu=cortex-m4 -std=gnu11 -g3 -DDEBUG -DUSE_HAL_DRIVER -DSTM32F446xx -c -I../Core/Inc -I../Drivers/STM32F4xx_HAL_Driver/Inc -I../Drivers/STM32F4xx_HAL_Driver/Inc/Legacy -I../Drivers/CMSIS/Device/ST/STM32F4xx/Include -I../Drivers/CMSIS/Include -O0 -ffunction-sections -fdata-sections -Wall -fstack-usage -fcyclomatic-complexity -MMD -MP -MF"Core/Src/main.d" -MT"Core/Src/main.o" --specs=nano.specs -mfpu=fpv4-sp-d16 -mfloat-abi=hard -mthumb -o "Core/Src/main.o"
../Core/Src/main.c:82: warning: "LCD_I2C_Pin" redefined
   82 | #define LCD_I2C_Pin         GPIO_PIN_8
      | 
../Core/Src/main.c:79: note: this is the location of the previous definition
   79 | #define LCD_I2C_Pin         GPIO_PIN_9
      | 
arm-none-eabi-gcc -o "PassLock_nucleo_f446re.elf" @"objects.list"   -mcpu=cortex-m4 -T"C:\Users\AJ\OneDrive\Documents\Embedded Projects\AccessX\PassLock_nucleo_f446re\STM32F446RETX_FLASH.ld" --specs=nosys.specs -Wl,-Map="PassLock_nucleo_f446re.map" -Wl,--gc-sections -static --specs=nano.specs -mfpu=fpv4-sp-d16 -mfloat-abi=hard -mthumb -Wl,--start-group -lc -lm -Wl,--end-group
Finished building target: PassLock_nucleo_f446re.elf
 
arm-none-eabi-size  PassLock_nucleo_f446re.elf 
arm-none-eabi-objdump -h -S PassLock_nucleo_f446re.elf  > "PassLock_nucleo_f446re.list"
   text	   data	    bss	    dec	    hex	filename
  10260	     12	   1724	  11996	   2edc	PassLock_nucleo_f446re.elf
Finished building: default.size.stdout
 
Finished building: PassLock_nucleo_f446re.list
 
17:01:12 **** Incremental Build of configuration Debug for project PassLock_nucleo_f446re ****
make -j12 all 
arm-none-eabi-gcc "../Core/Src/main.c" -mcpu=cortex-m4 -std=gnu11 -g3 -DDEBUG -DUSE_HAL_DRIVER -DSTM32F446xx -c -I../Core/Inc -I../Drivers/STM32F4xx_HAL_Driver/Inc -I../Drivers/STM32F4xx_HAL_Driver/Inc/Legacy -I../Drivers/CMSIS/Device/ST/STM32F4xx/Include -I../Drivers/CMSIS/Include -O0 -ffunction-sections -fdata-sections -Wall -fstack-usage -fcyclomatic-complexity -MMD -MP -MF"Core/Src/main.d" -MT"Core/Src/main.o" --specs=nano.specs -mfpu=fpv4-sp-d16 -mfloat-abi=hard -mthumb -o "Core/Src/main.o"
arm-none-eabi-gcc -o "PassLock_nucleo_f446re.elf" @"objects.list"   -mcpu=cortex-m4 -T"C:\Users\AJ\OneDrive\Documents\Embedded Projects\AccessX\PassLock_nucleo_f446re\STM32F446RETX_FLASH.ld" --specs=nosys.specs -Wl,-Map="PassLock_nucleo_f446re.map" -Wl,--gc-sections -static --specs=nano.specs -mfpu=fpv4-sp-d16 -mfloat-abi=hard -mthumb -Wl,--start-group -lc -lm -Wl,--end-group
Finished building target: PassLock_nucleo_f446re.elf
 
arm-none-eabi-size  PassLock_nucleo_f446re.elf 
arm-none-eabi-objdump -h -S PassLock_nucleo_f446re.elf  > "PassLock_nucleo_f446re.list"
   text	   data	    bss	    dec	    hex	filename
  10260	     12	   1724	  11996	   2edc	PassLock_nucleo_f446re.elf
Finished building: default.size.stdout
 
Finished building: PassLock_nucleo_f446re.list
 
17:01:35 **** Incremental Build of configuration Debug for project PassLock_nucleo_f446re ****
make -j12 all 
arm-none-eabi-size  PassLock_nucleo_f446re.elf 
   text	   data	    bss	    dec	    hex	filename
  10260	     12	   1724	  11996	   2edc	PassLock_nucleo_f446re.elf
Finished building: default.size.stdout
 
17:02:01 **** Incremental Build of configuration Debug for project PassLock_nucleo_f446re ****
make -j12 all 
arm-none-eabi-size  PassLock_nucleo_f446re.elf 
   text	   data	    bss	    dec	    hex	filename
  10260	     12	   1724	  11996	   2edc	PassLock_nucleo_f446re.elf
Finished building: default.size.stdout
 
17:02:59 **** Incremental Build of configuration Debug for project PassLock_nucleo_f446re ****
make -j12 all 
arm-none-eabi-size  PassLock_nucleo_f446re.elf 
   text	   data	    bss	    dec	    hex	filename
  10260	     12	   1724	  11996	   2edc	PassLock_nucleo_f446re.elf
Finished building: default.size.stdout
 
17:03:52 **** Incremental Build of configuration Debug for project PassLock_nucleo_f446re ****
make -j12 all 
arm-none-eabi-gcc "../Core/Src/main.c" -mcpu=cortex-m4 -std=gnu11 -g3 -DDEBUG -DUSE_HAL_DRIVER -DSTM32F446xx -c -I../Core/Inc -I../Drivers/STM32F4xx_HAL_Driver/Inc -I../Drivers/STM32F4xx_HAL_Driver/Inc/Legacy -I../Drivers/CMSIS/Device/ST/STM32F4xx/Include -I../Drivers/CMSIS/Include -O0 -ffunction-sections -fdata-sections -Wall -fstack-usage -fcyclomatic-complexity -MMD -MP -MF"Core/Src/main.d" -MT"Core/Src/main.o" --specs=nano.specs -mfpu=fpv4-sp-d16 -mfloat-abi=hard -mthumb -o "Core/Src/main.o"
arm-none-eabi-gcc -o "PassLock_nucleo_f446re.elf" @"objects.list"   -mcpu=cortex-m4 -T"C:\Users\AJ\OneDrive\Documents\Embedded Projects\AccessX\PassLock_nucleo_f446re\STM32F446RETX_FLASH.ld" --specs=nosys.specs -Wl,-Map="PassLock_nucleo_f446re.map" -Wl,--gc-sections -static --specs=nano.specs -mfpu=fpv4-sp-d16 -mfloat-abi=hard -mthumb -Wl,--start-group -lc -lm -Wl,--end-group
Finished building target: PassLock_nucleo_f446re.elf
 
arm-none-eabi-size  PassLock_nucleo_f446re.elf 
arm-none-eabi-objdump -h -S PassLock_nucleo_f446re.elf  > "PassLock_nucleo_f446re.list"
   text	   data	    bss	    dec	    hex	filename
  10064	     12	   1724	  11800	   2e18	PassLock_nucleo_f446re.elf
Finished building: default.size.stdout
 
Finished building: PassLock_nucleo_f446re.list
 
17:03:54 **** Incremental Build of configuration Debug for project PassLock_nucleo_f446re ****
make -j12 all 
arm-none-eabi-size  PassLock_nucleo_f446re.elf 
   text	   data	    bss	    dec	    hex	filename
  10064	     12	   1724	  11800	   2e18	PassLock_nucleo_f446re.elf
Finished building: default.size.stdout
 
17:04:23 **** Incremental Build of configuration Debug for project PassLock_nucleo_f446re ****
make -j12 all 
arm-none-eabi-gcc "../Core/Src/main.c" -mcpu=cortex-m4 -std=gnu11 -g3 -DDEBUG -DUSE_HAL_DRIVER -DSTM32F446xx -c -I../Core/Inc -I../Drivers/STM32F4xx_HAL_Driver/Inc -I../Drivers/STM32F4xx_HAL_Driver/Inc/Legacy -I../Drivers/CMSIS/Device/ST/STM32F4xx/Include -I../Drivers/CMSIS/Include -O0 -ffunction-sections -fdata-sections -Wall -fstack-usage -fcyclomatic-complexity -MMD -MP -MF"Core/Src/main.d" -MT"Core/Src/main.o" --specs=nano.specs -mfpu=fpv4-sp-d16 -mfloat-abi=hard -mthumb -o "Core/Src/main.o"
arm-none-eabi-gcc -o "PassLock_nucleo_f446re.elf" @"objects.list"   -mcpu=cortex-m4 -T"C:\Users\AJ\OneDrive\Documents\Embedded Projects\AccessX\PassLock_nucleo_f446re\STM32F446RETX_FLASH.ld" --specs=nosys.specs -Wl,-Map="PassLock_nucleo_f446re.map" -Wl,--gc-sections -static --specs=nano.specs -mfpu=fpv4-sp-d16 -mfloat-abi=hard -mthumb -Wl,--start-group -lc -lm -Wl,--end-group
Finished building target: PassLock_nucleo_f446re.elf
 
arm-none-eabi-size  PassLock_nucleo_f446re.elf 
arm-none-eabi-objdump -h -S PassLock_nucleo_f446re.elf  > "PassLock_nucleo_f446re.list"
   text	   data	    bss	    dec	    hex	filename
  10068	     12	   1724	  11804	   2e1c	PassLock_nucleo_f446re.elf
Finished building: default.size.stdout
 
Finished building: PassLock_nucleo_f446re.list
 
17:04:25 **** Incremental Build of configuration Debug for project PassLock_nucleo_f446re ****
make -j12 all 
arm-none-eabi-size  PassLock_nucleo_f446re.elf 
   text	   data	    bss	    dec	    hex	filename
  10068	     12	   1724	  11804	   2e1c	PassLock_nucleo_f446re.elf
Finished building: default.size.stdout
 
17:10:47 **** Incremental Build of configuration Debug for project PassLock_nucleo_f446re ****
make -j12 all 
arm-none-eabi-gcc "../Core/Src/main.c" -mcpu=cortex-m4 -std=gnu11 -g3 -DDEBUG -DUSE_HAL_DRIVER -DSTM32F446xx -c -I../Core/Inc -I../Drivers/STM32F4xx_HAL_Driver/Inc -I../Drivers/STM32F4xx_HAL_Driver/Inc/Legacy -I../Drivers/CMSIS/Device/ST/STM32F4xx/Include -I../Drivers/CMSIS/Include -O0 -ffunction-sections -fdata-sections -Wall -fstack-usage -fcyclomatic-complexity -MMD -MP -MF"Core/Src/main.d" -MT"Core/Src/main.o" --specs=nano.specs -mfpu=fpv4-sp-d16 -mfloat-abi=hard -mthumb -o "Core/Src/main.o"
../Core/Src/main.c: In function 'Keypad_GetKey':
../Core/Src/main.c:185:27: error: 'ROW1_GPIO_Port' undeclared (first use in this function)
  185 |         HAL_GPIO_WritePin(ROW1_GPIO_Port, ROW1_Pin, GPIO_PIN_SET);
      |                           ^~~~~~~~~~~~~~
../Core/Src/main.c:185:27: note: each undeclared identifier is reported only once for each function it appears in
../Core/Src/main.c:185:43: error: 'ROW1_Pin' undeclared (first use in this function)
  185 |         HAL_GPIO_WritePin(ROW1_GPIO_Port, ROW1_Pin, GPIO_PIN_SET);
      |                                           ^~~~~~~~
../Core/Src/main.c:186:27: error: 'ROW2_GPIO_Port' undeclared (first use in this function)
  186 |         HAL_GPIO_WritePin(ROW2_GPIO_Port, ROW2_Pin, GPIO_PIN_SET);
      |                           ^~~~~~~~~~~~~~
../Core/Src/main.c:186:43: error: 'ROW2_Pin' undeclared (first use in this function)
  186 |         HAL_GPIO_WritePin(ROW2_GPIO_Port, ROW2_Pin, GPIO_PIN_SET);
      |                                           ^~~~~~~~
../Core/Src/main.c:187:27: error: 'ROW3_GPIO_Port' undeclared (first use in this function)
  187 |         HAL_GPIO_WritePin(ROW3_GPIO_Port, ROW3_Pin, GPIO_PIN_SET);
      |                           ^~~~~~~~~~~~~~
../Core/Src/main.c:187:43: error: 'ROW3_Pin' undeclared (first use in this function)
  187 |         HAL_GPIO_WritePin(ROW3_GPIO_Port, ROW3_Pin, GPIO_PIN_SET);
      |                                           ^~~~~~~~
../Core/Src/main.c:188:27: error: 'ROW4_GPIO_Port' undeclared (first use in this function)
  188 |         HAL_GPIO_WritePin(ROW4_GPIO_Port, ROW4_Pin, GPIO_PIN_SET);
      |                           ^~~~~~~~~~~~~~
../Core/Src/main.c:188:43: error: 'ROW4_Pin' undeclared (first use in this function)
  188 |         HAL_GPIO_WritePin(ROW4_GPIO_Port, ROW4_Pin, GPIO_PIN_SET);
      |                                           ^~~~~~~~
../Core/Src/main.c:202:30: error: 'COL1_GPIO_Port' undeclared (first use in this function)
  202 |         if (HAL_GPIO_ReadPin(COL1_GPIO_Port, COL1_Pin) == GPIO_PIN_RESET) return keypad_map[row][0];
      |                              ^~~~~~~~~~~~~~
../Core/Src/main.c:202:46: error: 'COL1_Pin' undeclared (first use in this function)
  202 |         if (HAL_GPIO_ReadPin(COL1_GPIO_Port, COL1_Pin) == GPIO_PIN_RESET) return keypad_map[row][0];
      |                                              ^~~~~~~~
../Core/Src/main.c:203:30: error: 'COL2_GPIO_Port' undeclared (first use in this function)
  203 |         if (HAL_GPIO_ReadPin(COL2_GPIO_Port, COL2_Pin) == GPIO_PIN_RESET) return keypad_map[row][1];
      |                              ^~~~~~~~~~~~~~
../Core/Src/main.c:203:46: error: 'COL2_Pin' undeclared (first use in this function)
  203 |         if (HAL_GPIO_ReadPin(COL2_GPIO_Port, COL2_Pin) == GPIO_PIN_RESET) return keypad_map[row][1];
      |                                              ^~~~~~~~
../Core/Src/main.c:204:30: error: 'COL3_GPIO_Port' undeclared (first use in this function)
  204 |         if (HAL_GPIO_ReadPin(COL3_GPIO_Port, COL3_Pin) == GPIO_PIN_RESET) return keypad_map[row][2];
      |                              ^~~~~~~~~~~~~~
../Core/Src/main.c:204:46: error: 'COL3_Pin' undeclared (first use in this function)
  204 |         if (HAL_GPIO_ReadPin(COL3_GPIO_Port, COL3_Pin) == GPIO_PIN_RESET) return keypad_map[row][2];
      |                                              ^~~~~~~~
../Core/Src/main.c:205:30: error: 'COL4_GPIO_Port' undeclared (first use in this function)
  205 |         if (HAL_GPIO_ReadPin(COL4_GPIO_Port, COL4_Pin) == GPIO_PIN_RESET) return keypad_map[row][3];
      |                              ^~~~~~~~~~~~~~
../Core/Src/main.c:205:46: error: 'COL4_Pin' undeclared (first use in this function)
  205 |         if (HAL_GPIO_ReadPin(COL4_GPIO_Port, COL4_Pin) == GPIO_PIN_RESET) return keypad_map[row][3];
      |                                              ^~~~~~~~
make: *** [Core/Src/subdir.mk:34: Core/Src/main.o] Error 1
"make -j12 all" terminated with exit code 2. Build might be incomplete.
17:11:10 **** Incremental Build of configuration Debug for project PassLock_nucleo_f446re ****
make -j12 all 
arm-none-eabi-gcc "../Core/Src/main.c" -mcpu=cortex-m4 -std=gnu11 -g3 -DDEBUG -DUSE_HAL_DRIVER -DSTM32F446xx -c -I../Core/Inc -I../Drivers/STM32F4xx_HAL_Driver/Inc -I../Drivers/STM32F4xx_HAL_Driver/Inc/Legacy -I../Drivers/CMSIS/Device/ST/STM32F4xx/Include -I../Drivers/CMSIS/Include -O0 -ffunction-sections -fdata-sections -Wall -fstack-usage -fcyclomatic-complexity -MMD -MP -MF"Core/Src/main.d" -MT"Core/Src/main.o" --specs=nano.specs -mfpu=fpv4-sp-d16 -mfloat-abi=hard -mthumb -o "Core/Src/main.o"
../Core/Src/main.c: In function 'Keypad_GetKey':
../Core/Src/main.c:185:27: error: 'ROW1_Port' undeclared (first use in this function)
  185 |         HAL_GPIO_WritePin(ROW1_Port, ROW1_Pin, GPIO_PIN_SET);
      |                           ^~~~~~~~~
../Core/Src/main.c:185:27: note: each undeclared identifier is reported only once for each function it appears in
../Core/Src/main.c:185:38: error: 'ROW1_Pin' undeclared (first use in this function)
  185 |         HAL_GPIO_WritePin(ROW1_Port, ROW1_Pin, GPIO_PIN_SET);
      |                                      ^~~~~~~~
../Core/Src/main.c:186:27: error: 'ROW2_Port' undeclared (first use in this function)
  186 |         HAL_GPIO_WritePin(ROW2_Port, ROW2_Pin, GPIO_PIN_SET);
      |                           ^~~~~~~~~
../Core/Src/main.c:186:38: error: 'ROW2_Pin' undeclared (first use in this function)
  186 |         HAL_GPIO_WritePin(ROW2_Port, ROW2_Pin, GPIO_PIN_SET);
      |                                      ^~~~~~~~
../Core/Src/main.c:187:27: error: 'ROW3_Port' undeclared (first use in this function)
  187 |         HAL_GPIO_WritePin(ROW3_Port, ROW3_Pin, GPIO_PIN_SET);
      |                           ^~~~~~~~~
../Core/Src/main.c:187:38: error: 'ROW3_Pin' undeclared (first use in this function)
  187 |         HAL_GPIO_WritePin(ROW3_Port, ROW3_Pin, GPIO_PIN_SET);
      |                                      ^~~~~~~~
../Core/Src/main.c:188:27: error: 'ROW4_Port' undeclared (first use in this function)
  188 |         HAL_GPIO_WritePin(ROW4_Port, ROW4_Pin, GPIO_PIN_SET);
      |                           ^~~~~~~~~
../Core/Src/main.c:188:38: error: 'ROW4_Pin' undeclared (first use in this function)
  188 |         HAL_GPIO_WritePin(ROW4_Port, ROW4_Pin, GPIO_PIN_SET);
      |                                      ^~~~~~~~
../Core/Src/main.c:192:39: error: 'ROW1_GPIO_Port' undeclared (first use in this function)
  192 |             case 0: HAL_GPIO_WritePin(ROW1_GPIO_Port, ROW1_Pin, GPIO_PIN_RESET); break;
      |                                       ^~~~~~~~~~~~~~
../Core/Src/main.c:193:39: error: 'ROW2_GPIO_Port' undeclared (first use in this function)
  193 |             case 1: HAL_GPIO_WritePin(ROW2_GPIO_Port, ROW2_Pin, GPIO_PIN_RESET); break;
      |                                       ^~~~~~~~~~~~~~
../Core/Src/main.c:194:39: error: 'ROW3_GPIO_Port' undeclared (first use in this function)
  194 |             case 2: HAL_GPIO_WritePin(ROW3_GPIO_Port, ROW3_Pin, GPIO_PIN_RESET); break;
      |                                       ^~~~~~~~~~~~~~
../Core/Src/main.c:195:39: error: 'ROW4_GPIO_Port' undeclared (first use in this function)
  195 |             case 3: HAL_GPIO_WritePin(ROW4_GPIO_Port, ROW4_Pin, GPIO_PIN_RESET); break;
      |                                       ^~~~~~~~~~~~~~
../Core/Src/main.c:202:30: error: 'COL1_Port' undeclared (first use in this function)
  202 |         if (HAL_GPIO_ReadPin(COL1_Port, COL1_Pin) == GPIO_PIN_RESET) return keypad_map[row][0];
      |                              ^~~~~~~~~
../Core/Src/main.c:202:41: error: 'COL1_Pin' undeclared (first use in this function)
  202 |         if (HAL_GPIO_ReadPin(COL1_Port, COL1_Pin) == GPIO_PIN_RESET) return keypad_map[row][0];
      |                                         ^~~~~~~~
../Core/Src/main.c:203:30: error: 'COL2_Port' undeclared (first use in this function)
  203 |         if (HAL_GPIO_ReadPin(COL2_Port, COL2_Pin) == GPIO_PIN_RESET) return keypad_map[row][1];
      |                              ^~~~~~~~~
../Core/Src/main.c:203:41: error: 'COL2_Pin' undeclared (first use in this function)
  203 |         if (HAL_GPIO_ReadPin(COL2_Port, COL2_Pin) == GPIO_PIN_RESET) return keypad_map[row][1];
      |                                         ^~~~~~~~
../Core/Src/main.c:204:30: error: 'COL3_Port' undeclared (first use in this function)
  204 |         if (HAL_GPIO_ReadPin(COL3_Port, COL3_Pin) == GPIO_PIN_RESET) return keypad_map[row][2];
      |                              ^~~~~~~~~
../Core/Src/main.c:204:41: error: 'COL3_Pin' undeclared (first use in this function)
  204 |         if (HAL_GPIO_ReadPin(COL3_Port, COL3_Pin) == GPIO_PIN_RESET) return keypad_map[row][2];
      |                                         ^~~~~~~~
../Core/Src/main.c:205:30: error: 'COL4_Port' undeclared (first use in this function)
  205 |         if (HAL_GPIO_ReadPin(COL4_Port, COL4_Pin) == GPIO_PIN_RESET) return keypad_map[row][3];
      |                              ^~~~~~~~~
../Core/Src/main.c:205:41: error: 'COL4_Pin' undeclared (first use in this function)
  205 |         if (HAL_GPIO_ReadPin(COL4_Port, COL4_Pin) == GPIO_PIN_RESET) return keypad_map[row][3];
      |                                         ^~~~~~~~
make: *** [Core/Src/subdir.mk:34: Core/Src/main.o] Error 1
"make -j12 all" terminated with exit code 2. Build might be incomplete.
17:12:25 **** Incremental Build of configuration Debug for project PassLock_nucleo_f446re ****
make -j12 all 
arm-none-eabi-gcc "../Core/Src/main.c" -mcpu=cortex-m4 -std=gnu11 -g3 -DDEBUG -DUSE_HAL_DRIVER -DSTM32F446xx -c -I../Core/Inc -I../Drivers/STM32F4xx_HAL_Driver/Inc -I../Drivers/STM32F4xx_HAL_Driver/Inc/Legacy -I../Drivers/CMSIS/Device/ST/STM32F4xx/Include -I../Drivers/CMSIS/Include -O0 -ffunction-sections -fdata-sections -Wall -fstack-usage -fcyclomatic-complexity -MMD -MP -MF"Core/Src/main.d" -MT"Core/Src/main.o" --specs=nano.specs -mfpu=fpv4-sp-d16 -mfloat-abi=hard -mthumb -o "Core/Src/main.o"
arm-none-eabi-gcc -o "PassLock_nucleo_f446re.elf" @"objects.list"   -mcpu=cortex-m4 -T"C:\Users\AJ\OneDrive\Documents\Embedded Projects\AccessX\PassLock_nucleo_f446re\STM32F446RETX_FLASH.ld" --specs=nosys.specs -Wl,-Map="PassLock_nucleo_f446re.map" -Wl,--gc-sections -static --specs=nano.specs -mfpu=fpv4-sp-d16 -mfloat-abi=hard -mthumb -Wl,--start-group -lc -lm -Wl,--end-group
Finished building target: PassLock_nucleo_f446re.elf
 
arm-none-eabi-size  PassLock_nucleo_f446re.elf 
arm-none-eabi-objdump -h -S PassLock_nucleo_f446re.elf  > "PassLock_nucleo_f446re.list"
   text	   data	    bss	    dec	    hex	filename
  10068	     12	   1724	  11804	   2e1c	PassLock_nucleo_f446re.elf
Finished building: default.size.stdout
 
Finished building: PassLock_nucleo_f446re.list
 
17:14:26 **** Incremental Build of configuration Debug for project PassLock_nucleo_f446re ****
make -j12 all 
arm-none-eabi-gcc "../Core/Src/main.c" -mcpu=cortex-m4 -std=gnu11 -g3 -DDEBUG -DUSE_HAL_DRIVER -DSTM32F446xx -c -I../Core/Inc -I../Drivers/STM32F4xx_HAL_Driver/Inc -I../Drivers/STM32F4xx_HAL_Driver/Inc/Legacy -I../Drivers/CMSIS/Device/ST/STM32F4xx/Include -I../Drivers/CMSIS/Include -O0 -ffunction-sections -fdata-sections -Wall -fstack-usage -fcyclomatic-complexity -MMD -MP -MF"Core/Src/main.d" -MT"Core/Src/main.o" --specs=nano.specs -mfpu=fpv4-sp-d16 -mfloat-abi=hard -mthumb -o "Core/Src/main.o"
arm-none-eabi-gcc -o "PassLock_nucleo_f446re.elf" @"objects.list"   -mcpu=cortex-m4 -T"C:\Users\AJ\OneDrive\Documents\Embedded Projects\AccessX\PassLock_nucleo_f446re\STM32F446RETX_FLASH.ld" --specs=nosys.specs -Wl,-Map="PassLock_nucleo_f446re.map" -Wl,--gc-sections -static --specs=nano.specs -mfpu=fpv4-sp-d16 -mfloat-abi=hard -mthumb -Wl,--start-group -lc -lm -Wl,--end-group
Finished building target: PassLock_nucleo_f446re.elf
 
arm-none-eabi-size  PassLock_nucleo_f446re.elf 
arm-none-eabi-objdump -h -S PassLock_nucleo_f446re.elf  > "PassLock_nucleo_f446re.list"
   text	   data	    bss	    dec	    hex	filename
  11680	     28	   1724	  13432	   3478	PassLock_nucleo_f446re.elf
Finished building: default.size.stdout
 
Finished building: PassLock_nucleo_f446re.list
 
17:16:42 **** Incremental Build of configuration Debug for project PassLock_nucleo_f446re ****
make -j12 all 
arm-none-eabi-size  PassLock_nucleo_f446re.elf 
   text	   data	    bss	    dec	    hex	filename
  11680	     28	   1724	  13432	   3478	PassLock_nucleo_f446re.elf
Finished building: default.size.stdout
 
17:33:18 **** Incremental Build of configuration Debug for project PassLock_nucleo_f446re ****
make -j12 all 
arm-none-eabi-gcc "../Core/Src/i2c-lcd.c" -mcpu=cortex-m4 -std=gnu11 -g3 -DDEBUG -DUSE_HAL_DRIVER -DSTM32F446xx -c -I../Core/Inc -I../Drivers/STM32F4xx_HAL_Driver/Inc -I../Drivers/STM32F4xx_HAL_Driver/Inc/Legacy -I../Drivers/CMSIS/Device/ST/STM32F4xx/Include -I../Drivers/CMSIS/Include -O0 -ffunction-sections -fdata-sections -Wall -fstack-usage -fcyclomatic-complexity -MMD -MP -MF"Core/Src/i2c-lcd.d" -MT"Core/Src/i2c-lcd.o" --specs=nano.specs -mfpu=fpv4-sp-d16 -mfloat-abi=hard -mthumb -o "Core/Src/i2c-lcd.o"
arm-none-eabi-gcc "../Core/Src/main.c" -mcpu=cortex-m4 -std=gnu11 -g3 -DDEBUG -DUSE_HAL_DRIVER -DSTM32F446xx -c -I../Core/Inc -I../Drivers/STM32F4xx_HAL_Driver/Inc -I../Drivers/STM32F4xx_HAL_Driver/Inc/Legacy -I../Drivers/CMSIS/Device/ST/STM32F4xx/Include -I../Drivers/CMSIS/Include -O0 -ffunction-sections -fdata-sections -Wall -fstack-usage -fcyclomatic-complexity -MMD -MP -MF"Core/Src/main.d" -MT"Core/Src/main.o" --specs=nano.specs -mfpu=fpv4-sp-d16 -mfloat-abi=hard -mthumb -o "Core/Src/main.o"
arm-none-eabi-gcc "../Core/Src/stm32f4xx_hal_msp.c" -mcpu=cortex-m4 -std=gnu11 -g3 -DDEBUG -DUSE_HAL_DRIVER -DSTM32F446xx -c -I../Core/Inc -I../Drivers/STM32F4xx_HAL_Driver/Inc -I../Drivers/STM32F4xx_HAL_Driver/Inc/Legacy -I../Drivers/CMSIS/Device/ST/STM32F4xx/Include -I../Drivers/CMSIS/Include -O0 -ffunction-sections -fdata-sections -Wall -fstack-usage -fcyclomatic-complexity -MMD -MP -MF"Core/Src/stm32f4xx_hal_msp.d" -MT"Core/Src/stm32f4xx_hal_msp.o" --specs=nano.specs -mfpu=fpv4-sp-d16 -mfloat-abi=hard -mthumb -o "Core/Src/stm32f4xx_hal_msp.o"
arm-none-eabi-gcc "../Core/Src/stm32f4xx_it.c" -mcpu=cortex-m4 -std=gnu11 -g3 -DDEBUG -DUSE_HAL_DRIVER -DSTM32F446xx -c -I../Core/Inc -I../Drivers/STM32F4xx_HAL_Driver/Inc -I../Drivers/STM32F4xx_HAL_Driver/Inc/Legacy -I../Drivers/CMSIS/Device/ST/STM32F4xx/Include -I../Drivers/CMSIS/Include -O0 -ffunction-sections -fdata-sections -Wall -fstack-usage -fcyclomatic-complexity -MMD -MP -MF"Core/Src/stm32f4xx_it.d" -MT"Core/Src/stm32f4xx_it.o" --specs=nano.specs -mfpu=fpv4-sp-d16 -mfloat-abi=hard -mthumb -o "Core/Src/stm32f4xx_it.o"
arm-none-eabi-gcc "../Core/Src/syscalls.c" -mcpu=cortex-m4 -std=gnu11 -g3 -DDEBUG -DUSE_HAL_DRIVER -DSTM32F446xx -c -I../Core/Inc -I../Drivers/STM32F4xx_HAL_Driver/Inc -I../Drivers/STM32F4xx_HAL_Driver/Inc/Legacy -I../Drivers/CMSIS/Device/ST/STM32F4xx/Include -I../Drivers/CMSIS/Include -O0 -ffunction-sections -fdata-sections -Wall -fstack-usage -fcyclomatic-complexity -MMD -MP -MF"Core/Src/syscalls.d" -MT"Core/Src/syscalls.o" --specs=nano.specs -mfpu=fpv4-sp-d16 -mfloat-abi=hard -mthumb -o "Core/Src/syscalls.o"
arm-none-eabi-gcc "../Core/Src/sysmem.c" -mcpu=cortex-m4 -std=gnu11 -g3 -DDEBUG -DUSE_HAL_DRIVER -DSTM32F446xx -c -I../Core/Inc -I../Drivers/STM32F4xx_HAL_Driver/Inc -I../Drivers/STM32F4xx_HAL_Driver/Inc/Legacy -I../Drivers/CMSIS/Device/ST/STM32F4xx/Include -I../Drivers/CMSIS/Include -O0 -ffunction-sections -fdata-sections -Wall -fstack-usage -fcyclomatic-complexity -MMD -MP -MF"Core/Src/sysmem.d" -MT"Core/Src/sysmem.o" --specs=nano.specs -mfpu=fpv4-sp-d16 -mfloat-abi=hard -mthumb -o "Core/Src/sysmem.o"
arm-none-eabi-gcc "../Core/Src/system_stm32f4xx.c" -mcpu=cortex-m4 -std=gnu11 -g3 -DDEBUG -DUSE_HAL_DRIVER -DSTM32F446xx -c -I../Core/Inc -I../Drivers/STM32F4xx_HAL_Driver/Inc -I../Drivers/STM32F4xx_HAL_Driver/Inc/Legacy -I../Drivers/CMSIS/Device/ST/STM32F4xx/Include -I../Drivers/CMSIS/Include -O0 -ffunction-sections -fdata-sections -Wall -fstack-usage -fcyclomatic-complexity -MMD -MP -MF"Core/Src/system_stm32f4xx.d" -MT"Core/Src/system_stm32f4xx.o" --specs=nano.specs -mfpu=fpv4-sp-d16 -mfloat-abi=hard -mthumb -o "Core/Src/system_stm32f4xx.o"
In file included from ../Core/Src/i2c-lcd.c:1:
../Core/Inc/i2c-lcd.h:59:2: error: #endif without #if
   59 | #endif /* INC_I2C_LCD_H_ */
      |  ^~~~~
make: *** [Core/Src/subdir.mk:37: Core/Src/i2c-lcd.o] Error 1
make: *** Waiting for unfinished jobs....
"make -j12 all" terminated with exit code 2. Build might be incomplete.
17:33:37 **** Incremental Build of configuration Debug for project PassLock_nucleo_f446re ****
make -j12 all 
arm-none-eabi-gcc "../Core/Src/i2c-lcd.c" -mcpu=cortex-m4 -std=gnu11 -g3 -DDEBUG -DUSE_HAL_DRIVER -DSTM32F446xx -c -I../Core/Inc -I../Drivers/STM32F4xx_HAL_Driver/Inc -I../Drivers/STM32F4xx_HAL_Driver/Inc/Legacy -I../Drivers/CMSIS/Device/ST/STM32F4xx/Include -I../Drivers/CMSIS/Include -O0 -ffunction-sections -fdata-sections -Wall -fstack-usage -fcyclomatic-complexity -MMD -MP -MF"Core/Src/i2c-lcd.d" -MT"Core/Src/i2c-lcd.o" --specs=nano.specs -mfpu=fpv4-sp-d16 -mfloat-abi=hard -mthumb -o "Core/Src/i2c-lcd.o"
arm-none-eabi-gcc -o "PassLock_nucleo_f446re.elf" @"objects.list"   -mcpu=cortex-m4 -T"C:\Users\AJ\OneDrive\Documents\Embedded Projects\AccessX\PassLock_nucleo_f446re\STM32F446RETX_FLASH.ld" --specs=nosys.specs -Wl,-Map="PassLock_nucleo_f446re.map" -Wl,--gc-sections -static --specs=nano.specs -mfpu=fpv4-sp-d16 -mfloat-abi=hard -mthumb -Wl,--start-group -lc -lm -Wl,--end-group
Finished building target: PassLock_nucleo_f446re.elf
 
arm-none-eabi-size  PassLock_nucleo_f446re.elf 
arm-none-eabi-objdump -h -S PassLock_nucleo_f446re.elf  > "PassLock_nucleo_f446re.list"
   text	   data	    bss	    dec	    hex	filename
   9160	     12	   1724	  10896	   2a90	PassLock_nucleo_f446re.elf
Finished building: default.size.stdout
 
Finished building: PassLock_nucleo_f446re.list
 
17:38:24 **** Incremental Build of configuration Debug for project PassLock_nucleo_f446re ****
make -j12 all 
arm-none-eabi-gcc "../Core/Src/i2c-lcd.c" -mcpu=cortex-m4 -std=gnu11 -g3 -DDEBUG -DUSE_HAL_DRIVER -DSTM32F446xx -c -I../Core/Inc -I../Drivers/STM32F4xx_HAL_Driver/Inc -I../Drivers/STM32F4xx_HAL_Driver/Inc/Legacy -I../Drivers/CMSIS/Device/ST/STM32F4xx/Include -I../Drivers/CMSIS/Include -O0 -ffunction-sections -fdata-sections -Wall -fstack-usage -fcyclomatic-complexity -MMD -MP -MF"Core/Src/i2c-lcd.d" -MT"Core/Src/i2c-lcd.o" --specs=nano.specs -mfpu=fpv4-sp-d16 -mfloat-abi=hard -mthumb -o "Core/Src/i2c-lcd.o"
../Core/Src/i2c-lcd.c: In function 'lcd_send_internal':
../Core/Src/i2c-lcd.c:7:23: warning: variable 'res' set but not used [-Wunused-but-set-variable]
    7 |     HAL_StatusTypeDef res;
      |                       ^~~
arm-none-eabi-gcc -o "PassLock_nucleo_f446re.elf" @"objects.list"   -mcpu=cortex-m4 -T"C:\Users\AJ\OneDrive\Documents\Embedded Projects\AccessX\PassLock_nucleo_f446re\STM32F446RETX_FLASH.ld" --specs=nosys.specs -Wl,-Map="PassLock_nucleo_f446re.map" -Wl,--gc-sections -static --specs=nano.specs -mfpu=fpv4-sp-d16 -mfloat-abi=hard -mthumb -Wl,--start-group -lc -lm -Wl,--end-group
Finished building target: PassLock_nucleo_f446re.elf
 
arm-none-eabi-size  PassLock_nucleo_f446re.elf 
arm-none-eabi-objdump -h -S PassLock_nucleo_f446re.elf  > "PassLock_nucleo_f446re.list"
   text	   data	    bss	    dec	    hex	filename
   9160	     12	   1724	  10896	   2a90	PassLock_nucleo_f446re.elf
Finished building: default.size.stdout
 
Finished building: PassLock_nucleo_f446re.list
 
17:38:45 **** Incremental Build of configuration Debug for project PassLock_nucleo_f446re ****
make -j12 all 
arm-none-eabi-gcc "../Core/Src/i2c-lcd.c" -mcpu=cortex-m4 -std=gnu11 -g3 -DDEBUG -DUSE_HAL_DRIVER -DSTM32F446xx -c -I../Core/Inc -I../Drivers/STM32F4xx_HAL_Driver/Inc -I../Drivers/STM32F4xx_HAL_Driver/Inc/Legacy -I../Drivers/CMSIS/Device/ST/STM32F4xx/Include -I../Drivers/CMSIS/Include -O0 -ffunction-sections -fdata-sections -Wall -fstack-usage -fcyclomatic-complexity -MMD -MP -MF"Core/Src/i2c-lcd.d" -MT"Core/Src/i2c-lcd.o" --specs=nano.specs -mfpu=fpv4-sp-d16 -mfloat-abi=hard -mthumb -o "Core/Src/i2c-lcd.o"
../Core/Src/i2c-lcd.c: In function 'lcd_send_internal':
../Core/Src/i2c-lcd.c:12:9: error: 'res' undeclared (first use in this function)
   12 |         res = HAL_I2C_Master_Transmit(_hi2c, LCD_I2C_ADDR, data_arr, 2, HAL_MAX_DELAY);
      |         ^~~
../Core/Src/i2c-lcd.c:12:9: note: each undeclared identifier is reported only once for each function it appears in
make: *** [Core/Src/subdir.mk:37: Core/Src/i2c-lcd.o] Error 1
"make -j12 all" terminated with exit code 2. Build might be incomplete.
17:38:59 **** Incremental Build of configuration Debug for project PassLock_nucleo_f446re ****
make -j12 all 
arm-none-eabi-gcc "../Core/Src/i2c-lcd.c" -mcpu=cortex-m4 -std=gnu11 -g3 -DDEBUG -DUSE_HAL_DRIVER -DSTM32F446xx -c -I../Core/Inc -I../Drivers/STM32F4xx_HAL_Driver/Inc -I../Drivers/STM32F4xx_HAL_Driver/Inc/Legacy -I../Drivers/CMSIS/Device/ST/STM32F4xx/Include -I../Drivers/CMSIS/Include -O0 -ffunction-sections -fdata-sections -Wall -fstack-usage -fcyclomatic-complexity -MMD -MP -MF"Core/Src/i2c-lcd.d" -MT"Core/Src/i2c-lcd.o" --specs=nano.specs -mfpu=fpv4-sp-d16 -mfloat-abi=hard -mthumb -o "Core/Src/i2c-lcd.o"
../Core/Src/i2c-lcd.c: In function 'lcd_send_internal':
../Core/Src/i2c-lcd.c:7:23: warning: variable 'res' set but not used [-Wunused-but-set-variable]
    7 |     HAL_StatusTypeDef res;
      |                       ^~~
arm-none-eabi-gcc -o "PassLock_nucleo_f446re.elf" @"objects.list"   -mcpu=cortex-m4 -T"C:\Users\AJ\OneDrive\Documents\Embedded Projects\AccessX\PassLock_nucleo_f446re\STM32F446RETX_FLASH.ld" --specs=nosys.specs -Wl,-Map="PassLock_nucleo_f446re.map" -Wl,--gc-sections -static --specs=nano.specs -mfpu=fpv4-sp-d16 -mfloat-abi=hard -mthumb -Wl,--start-group -lc -lm -Wl,--end-group
Finished building target: PassLock_nucleo_f446re.elf
 
arm-none-eabi-size  PassLock_nucleo_f446re.elf 
arm-none-eabi-objdump -h -S PassLock_nucleo_f446re.elf  > "PassLock_nucleo_f446re.list"
   text	   data	    bss	    dec	    hex	filename
   9160	     12	   1724	  10896	   2a90	PassLock_nucleo_f446re.elf
Finished building: default.size.stdout
 
Finished building: PassLock_nucleo_f446re.list
 
17:41:03 **** Incremental Build of configuration Debug for project PassLock_nucleo_f446re ****
make -j12 all 
arm-none-eabi-gcc "../Core/Src/main.c" -mcpu=cortex-m4 -std=gnu11 -g3 -DDEBUG -DUSE_HAL_DRIVER -DSTM32F446xx -c -I../Core/Inc -I../Drivers/STM32F4xx_HAL_Driver/Inc -I../Drivers/STM32F4xx_HAL_Driver/Inc/Legacy -I../Drivers/CMSIS/Device/ST/STM32F4xx/Include -I../Drivers/CMSIS/Include -O0 -ffunction-sections -fdata-sections -Wall -fstack-usage -fcyclomatic-complexity -MMD -MP -MF"Core/Src/main.d" -MT"Core/Src/main.o" --specs=nano.specs -mfpu=fpv4-sp-d16 -mfloat-abi=hard -mthumb -o "Core/Src/main.o"
arm-none-eabi-gcc -o "PassLock_nucleo_f446re.elf" @"objects.list"   -mcpu=cortex-m4 -T"C:\Users\AJ\OneDrive\Documents\Embedded Projects\AccessX\PassLock_nucleo_f446re\STM32F446RETX_FLASH.ld" --specs=nosys.specs -Wl,-Map="PassLock_nucleo_f446re.map" -Wl,--gc-sections -static --specs=nano.specs -mfpu=fpv4-sp-d16 -mfloat-abi=hard -mthumb -Wl,--start-group -lc -lm -Wl,--end-group
Finished building target: PassLock_nucleo_f446re.elf
 
arm-none-eabi-size  PassLock_nucleo_f446re.elf 
arm-none-eabi-objdump -h -S PassLock_nucleo_f446re.elf  > "PassLock_nucleo_f446re.list"
   text	   data	    bss	    dec	    hex	filename
  11500	     16	   1728	  13244	   33bc	PassLock_nucleo_f446re.elf
Finished building: default.size.stdout
 
Finished building: PassLock_nucleo_f446re.list
 
17:41:19 **** Incremental Build of configuration Debug for project PassLock_nucleo_f446re ****
make -j12 all 
arm-none-eabi-size  PassLock_nucleo_f446re.elf 
   text	   data	    bss	    dec	    hex	filename
  11500	     16	   1728	  13244	   33bc	PassLock_nucleo_f446re.elf
Finished building: default.size.stdout
 
17:46:10 **** Incremental Build of configuration Debug for project PassLock_nucleo_f446re ****
make -j12 all 
arm-none-eabi-gcc "../Core/Src/main.c" -mcpu=cortex-m4 -std=gnu11 -g3 -DDEBUG -DUSE_HAL_DRIVER -DSTM32F446xx -c -I../Core/Inc -I../Drivers/STM32F4xx_HAL_Driver/Inc -I../Drivers/STM32F4xx_HAL_Driver/Inc/Legacy -I../Drivers/CMSIS/Device/ST/STM32F4xx/Include -I../Drivers/CMSIS/Include -O0 -ffunction-sections -fdata-sections -Wall -fstack-usage -fcyclomatic-complexity -MMD -MP -MF"Core/Src/main.d" -MT"Core/Src/main.o" --specs=nano.specs -mfpu=fpv4-sp-d16 -mfloat-abi=hard -mthumb -o "Core/Src/main.o"
arm-none-eabi-gcc -o "PassLock_nucleo_f446re.elf" @"objects.list"   -mcpu=cortex-m4 -T"C:\Users\AJ\OneDrive\Documents\Embedded Projects\AccessX\PassLock_nucleo_f446re\STM32F446RETX_FLASH.ld" --specs=nosys.specs -Wl,-Map="PassLock_nucleo_f446re.map" -Wl,--gc-sections -static --specs=nano.specs -mfpu=fpv4-sp-d16 -mfloat-abi=hard -mthumb -Wl,--start-group -lc -lm -Wl,--end-group
Finished building target: PassLock_nucleo_f446re.elf
 
arm-none-eabi-size  PassLock_nucleo_f446re.elf 
arm-none-eabi-objdump -h -S PassLock_nucleo_f446re.elf  > "PassLock_nucleo_f446re.list"
   text	   data	    bss	    dec	    hex	filename
  12208	     16	   1728	  13952	   3680	PassLock_nucleo_f446re.elf
Finished building: default.size.stdout
 
Finished building: PassLock_nucleo_f446re.list
 
17:46:14 **** Incremental Build of configuration Debug for project PassLock_nucleo_f446re ****
make -j12 all 
arm-none-eabi-size  PassLock_nucleo_f446re.elf 
   text	   data	    bss	    dec	    hex	filename
  12208	     16	   1728	  13952	   3680	PassLock_nucleo_f446re.elf
Finished building: default.size.stdout
 
17:46:43 **** Incremental Build of configuration Debug for project PassLock_nucleo_f446re ****
make -j12 all 
arm-none-eabi-gcc "../Core/Src/main.c" -mcpu=cortex-m4 -std=gnu11 -g3 -DDEBUG -DUSE_HAL_DRIVER -DSTM32F446xx -c -I../Core/Inc -I../Drivers/STM32F4xx_HAL_Driver/Inc -I../Drivers/STM32F4xx_HAL_Driver/Inc/Legacy -I../Drivers/CMSIS/Device/ST/STM32F4xx/Include -I../Drivers/CMSIS/Include -O0 -ffunction-sections -fdata-sections -Wall -fstack-usage -fcyclomatic-complexity -MMD -MP -MF"Core/Src/main.d" -MT"Core/Src/main.o" --specs=nano.specs -mfpu=fpv4-sp-d16 -mfloat-abi=hard -mthumb -o "Core/Src/main.o"
arm-none-eabi-gcc -o "PassLock_nucleo_f446re.elf" @"objects.list"   -mcpu=cortex-m4 -T"C:\Users\AJ\OneDrive\Documents\Embedded Projects\AccessX\PassLock_nucleo_f446re\STM32F446RETX_FLASH.ld" --specs=nosys.specs -Wl,-Map="PassLock_nucleo_f446re.map" -Wl,--gc-sections -static --specs=nano.specs -mfpu=fpv4-sp-d16 -mfloat-abi=hard -mthumb -Wl,--start-group -lc -lm -Wl,--end-group
Finished building target: PassLock_nucleo_f446re.elf
 
arm-none-eabi-size  PassLock_nucleo_f446re.elf 
arm-none-eabi-objdump -h -S PassLock_nucleo_f446re.elf  > "PassLock_nucleo_f446re.list"
   text	   data	    bss	    dec	    hex	filename
  11420	     16	   1728	  13164	   336c	PassLock_nucleo_f446re.elf
Finished building: default.size.stdout
 
Finished building: PassLock_nucleo_f446re.list
 
17:48:24 **** Incremental Build of configuration Debug for project PassLock_nucleo_f446re ****
make -j12 all 
arm-none-eabi-gcc "../Core/Src/main.c" -mcpu=cortex-m4 -std=gnu11 -g3 -DDEBUG -DUSE_HAL_DRIVER -DSTM32F446xx -c -I../Core/Inc -I../Drivers/STM32F4xx_HAL_Driver/Inc -I../Drivers/STM32F4xx_HAL_Driver/Inc/Legacy -I../Drivers/CMSIS/Device/ST/STM32F4xx/Include -I../Drivers/CMSIS/Include -O0 -ffunction-sections -fdata-sections -Wall -fstack-usage -fcyclomatic-complexity -MMD -MP -MF"Core/Src/main.d" -MT"Core/Src/main.o" --specs=nano.specs -mfpu=fpv4-sp-d16 -mfloat-abi=hard -mthumb -o "Core/Src/main.o"
arm-none-eabi-gcc -o "PassLock_nucleo_f446re.elf" @"objects.list"   -mcpu=cortex-m4 -T"C:\Users\AJ\OneDrive\Documents\Embedded Projects\AccessX\PassLock_nucleo_f446re\STM32F446RETX_FLASH.ld" --specs=nosys.specs -Wl,-Map="PassLock_nucleo_f446re.map" -Wl,--gc-sections -static --specs=nano.specs -mfpu=fpv4-sp-d16 -mfloat-abi=hard -mthumb -Wl,--start-group -lc -lm -Wl,--end-group
Finished building target: PassLock_nucleo_f446re.elf
 
arm-none-eabi-size  PassLock_nucleo_f446re.elf 
arm-none-eabi-objdump -h -S PassLock_nucleo_f446re.elf  > "PassLock_nucleo_f446re.list"
   text	   data	    bss	    dec	    hex	filename
  12188	     16	   1728	  13932	   366c	PassLock_nucleo_f446re.elf
Finished building: default.size.stdout
 
Finished building: PassLock_nucleo_f446re.list
 
17:48:59 **** Incremental Build of configuration Debug for project PassLock_nucleo_f446re ****
make -j12 all 
arm-none-eabi-gcc "../Core/Src/main.c" -mcpu=cortex-m4 -std=gnu11 -g3 -DDEBUG -DUSE_HAL_DRIVER -DSTM32F446xx -c -I../Core/Inc -I../Drivers/STM32F4xx_HAL_Driver/Inc -I../Drivers/STM32F4xx_HAL_Driver/Inc/Legacy -I../Drivers/CMSIS/Device/ST/STM32F4xx/Include -I../Drivers/CMSIS/Include -O0 -ffunction-sections -fdata-sections -Wall -fstack-usage -fcyclomatic-complexity -MMD -MP -MF"Core/Src/main.d" -MT"Core/Src/main.o" --specs=nano.specs -mfpu=fpv4-sp-d16 -mfloat-abi=hard -mthumb -o "Core/Src/main.o"
arm-none-eabi-gcc -o "PassLock_nucleo_f446re.elf" @"objects.list"   -mcpu=cortex-m4 -T"C:\Users\AJ\OneDrive\Documents\Embedded Projects\AccessX\PassLock_nucleo_f446re\STM32F446RETX_FLASH.ld" --specs=nosys.specs -Wl,-Map="PassLock_nucleo_f446re.map" -Wl,--gc-sections -static --specs=nano.specs -mfpu=fpv4-sp-d16 -mfloat-abi=hard -mthumb -Wl,--start-group -lc -lm -Wl,--end-group
Finished building target: PassLock_nucleo_f446re.elf
 
arm-none-eabi-size  PassLock_nucleo_f446re.elf 
arm-none-eabi-objdump -h -S PassLock_nucleo_f446re.elf  > "PassLock_nucleo_f446re.list"
   text	   data	    bss	    dec	    hex	filename
  11420	     16	   1728	  13164	   336c	PassLock_nucleo_f446re.elf
Finished building: default.size.stdout
 
Finished building: PassLock_nucleo_f446re.list
 
18:02:28 **** Incremental Build of configuration Debug for project PassLock_nucleo_f446re ****
make -j12 all 
arm-none-eabi-gcc "../Core/Src/main.c" -mcpu=cortex-m4 -std=gnu11 -g3 -DDEBUG -DUSE_HAL_DRIVER -DSTM32F446xx -c -I../Core/Inc -I../Drivers/STM32F4xx_HAL_Driver/Inc -I../Drivers/STM32F4xx_HAL_Driver/Inc/Legacy -I../Drivers/CMSIS/Device/ST/STM32F4xx/Include -I../Drivers/CMSIS/Include -O0 -ffunction-sections -fdata-sections -Wall -fstack-usage -fcyclomatic-complexity -MMD -MP -MF"Core/Src/main.d" -MT"Core/Src/main.o" --specs=nano.specs -mfpu=fpv4-sp-d16 -mfloat-abi=hard -mthumb -o "Core/Src/main.o"
arm-none-eabi-gcc -o "PassLock_nucleo_f446re.elf" @"objects.list"   -mcpu=cortex-m4 -T"C:\Users\AJ\OneDrive\Documents\Embedded Projects\AccessX\PassLock_nucleo_f446re\STM32F446RETX_FLASH.ld" --specs=nosys.specs -Wl,-Map="PassLock_nucleo_f446re.map" -Wl,--gc-sections -static --specs=nano.specs -mfpu=fpv4-sp-d16 -mfloat-abi=hard -mthumb -Wl,--start-group -lc -lm -Wl,--end-group
Finished building target: PassLock_nucleo_f446re.elf
 
arm-none-eabi-size  PassLock_nucleo_f446re.elf 
arm-none-eabi-objdump -h -S PassLock_nucleo_f446re.elf  > "PassLock_nucleo_f446re.list"
   text	   data	    bss	    dec	    hex	filename
  12208	     16	   1728	  13952	   3680	PassLock_nucleo_f446re.elf
Finished building: default.size.stdout
 
Finished building: PassLock_nucleo_f446re.list
 
18:02:31 **** Incremental Build of configuration Debug for project PassLock_nucleo_f446re ****
make -j12 all 
arm-none-eabi-size  PassLock_nucleo_f446re.elf 
   text	   data	    bss	    dec	    hex	filename
  12208	     16	   1728	  13952	   3680	PassLock_nucleo_f446re.elf
Finished building: default.size.stdout
 
18:03:00 **** Incremental Build of configuration Debug for project PassLock_nucleo_f446re ****
make -j12 all 
arm-none-eabi-gcc "../Core/Src/main.c" -mcpu=cortex-m4 -std=gnu11 -g3 -DDEBUG -DUSE_HAL_DRIVER -DSTM32F446xx -c -I../Core/Inc -I../Drivers/STM32F4xx_HAL_Driver/Inc -I../Drivers/STM32F4xx_HAL_Driver/Inc/Legacy -I../Drivers/CMSIS/Device/ST/STM32F4xx/Include -I../Drivers/CMSIS/Include -O0 -ffunction-sections -fdata-sections -Wall -fstack-usage -fcyclomatic-complexity -MMD -MP -MF"Core/Src/main.d" -MT"Core/Src/main.o" --specs=nano.specs -mfpu=fpv4-sp-d16 -mfloat-abi=hard -mthumb -o "Core/Src/main.o"
arm-none-eabi-gcc -o "PassLock_nucleo_f446re.elf" @"objects.list"   -mcpu=cortex-m4 -T"C:\Users\AJ\OneDrive\Documents\Embedded Projects\AccessX\PassLock_nucleo_f446re\STM32F446RETX_FLASH.ld" --specs=nosys.specs -Wl,-Map="PassLock_nucleo_f446re.map" -Wl,--gc-sections -static --specs=nano.specs -mfpu=fpv4-sp-d16 -mfloat-abi=hard -mthumb -Wl,--start-group -lc -lm -Wl,--end-group
Finished building target: PassLock_nucleo_f446re.elf
 
arm-none-eabi-size  PassLock_nucleo_f446re.elf 
arm-none-eabi-objdump -h -S PassLock_nucleo_f446re.elf  > "PassLock_nucleo_f446re.list"
   text	   data	    bss	    dec	    hex	filename
  11432	     16	   1728	  13176	   3378	PassLock_nucleo_f446re.elf
Finished building: default.size.stdout
 
Finished building: PassLock_nucleo_f446re.list
 
18:49:24 **** Incremental Build of configuration Debug for project PassLock_nucleo_f446re ****
make -j12 all 
arm-none-eabi-gcc "../Core/Src/main.c" -mcpu=cortex-m4 -std=gnu11 -g3 -DDEBUG -DUSE_HAL_DRIVER -DSTM32F446xx -c -I../Core/Inc -I../Drivers/STM32F4xx_HAL_Driver/Inc -I../Drivers/STM32F4xx_HAL_Driver/Inc/Legacy -I../Drivers/CMSIS/Device/ST/STM32F4xx/Include -I../Drivers/CMSIS/Include -O0 -ffunction-sections -fdata-sections -Wall -fstack-usage -fcyclomatic-complexity -MMD -MP -MF"Core/Src/main.d" -MT"Core/Src/main.o" --specs=nano.specs -mfpu=fpv4-sp-d16 -mfloat-abi=hard -mthumb -o "Core/Src/main.o"
../Core/Src/main.c:106:17: warning: 'col_pins' defined but not used [-Wunused-variable]
  106 | static uint16_t col_pins[4] = {KEYPAD_COL1_Pin, KEYPAD_COL2_Pin, KEYPAD_COL3_Pin, KEYPAD_COL4_Pin};
      |                 ^~~~~~~~
../Core/Src/main.c:105:22: warning: 'col_ports' defined but not used [-Wunused-variable]
  105 | static GPIO_TypeDef* col_ports[4] = {KEYPAD_COL1_Port, KEYPAD_COL2_Port, KEYPAD_COL3_Port, KEYPAD_COL4_Port};
      |                      ^~~~~~~~~
../Core/Src/main.c:104:17: warning: 'row_pins' defined but not used [-Wunused-variable]
  104 | static uint16_t row_pins[4] = {KEYPAD_ROW1_Pin, KEYPAD_ROW2_Pin, KEYPAD_ROW3_Pin, KEYPAD_ROW4_Pin};
      |                 ^~~~~~~~
../Core/Src/main.c:103:22: warning: 'row_ports' defined but not used [-Wunused-variable]
  103 | static GPIO_TypeDef* row_ports[4] = {KEYPAD_ROW1_Port, KEYPAD_ROW2_Port, KEYPAD_ROW3_Port, KEYPAD_ROW4_Port};
      |                      ^~~~~~~~~
../Core/Src/main.c:95:13: warning: 'keypad_map' defined but not used [-Wunused-variable]
   95 | static char keypad_map[4][4] = {
      |             ^~~~~~~~~~
../Core/Src/main.c:92:16: warning: 'relay_active' defined but not used [-Wunused-variable]
   92 | static uint8_t relay_active = 0;
      |                ^~~~~~~~~~~~
../Core/Src/main.c:91:17: warning: 'relay_start_time' defined but not used [-Wunused-variable]
   91 | static uint32_t relay_start_time = 0;
      |                 ^~~~~~~~~~~~~~~~
../Core/Src/main.c:90:16: warning: 'system_locked' defined but not used [-Wunused-variable]
   90 | static uint8_t system_locked = 0;
      |                ^~~~~~~~~~~~~
../Core/Src/main.c:89:17: warning: 'lockout_start_time' defined but not used [-Wunused-variable]
   89 | static uint32_t lockout_start_time = 0;
      |                 ^~~~~~~~~~~~~~~~~~
../Core/Src/main.c:88:16: warning: 'failed_attempts' defined but not used [-Wunused-variable]
   88 | static uint8_t failed_attempts = 0;
      |                ^~~~~~~~~~~~~~~
../Core/Src/main.c:87:16: warning: 'pin_index' defined but not used [-Wunused-variable]
   87 | static uint8_t pin_index = 0;
      |                ^~~~~~~~~
../Core/Src/main.c:86:13: warning: 'entered_pin' defined but not used [-Wunused-variable]
   86 | static char entered_pin[PIN_LENGTH + 1] = {0};
      |             ^~~~~~~~~~~
arm-none-eabi-gcc -o "PassLock_nucleo_f446re.elf" @"objects.list"   -mcpu=cortex-m4 -T"C:\Users\AJ\OneDrive\Documents\Embedded Projects\AccessX\PassLock_nucleo_f446re\STM32F446RETX_FLASH.ld" --specs=nosys.specs -Wl,-Map="PassLock_nucleo_f446re.map" -Wl,--gc-sections -static --specs=nano.specs -mfpu=fpv4-sp-d16 -mfloat-abi=hard -mthumb -Wl,--start-group -lc -lm -Wl,--end-group
Finished building target: PassLock_nucleo_f446re.elf
 
arm-none-eabi-size  PassLock_nucleo_f446re.elf 
arm-none-eabi-objdump -h -S PassLock_nucleo_f446re.elf  > "PassLock_nucleo_f446re.list"
   text	   data	    bss	    dec	    hex	filename
   9160	     12	   1724	  10896	   2a90	PassLock_nucleo_f446re.elf
Finished building: default.size.stdout
 
Finished building: PassLock_nucleo_f446re.list
 
19:08:27 **** Incremental Build of configuration Debug for project PassLock_nucleo_f446re ****
make -j12 all 
arm-none-eabi-gcc "../Core/Src/main.c" -mcpu=cortex-m4 -std=gnu11 -g3 -DDEBUG -DUSE_HAL_DRIVER -DSTM32F446xx -c -I../Core/Inc -I../Drivers/STM32F4xx_HAL_Driver/Inc -I../Drivers/STM32F4xx_HAL_Driver/Inc/Legacy -I../Drivers/CMSIS/Device/ST/STM32F4xx/Include -I../Drivers/CMSIS/Include -O0 -ffunction-sections -fdata-sections -Wall -fstack-usage -fcyclomatic-complexity -MMD -MP -MF"Core/Src/main.d" -MT"Core/Src/main.o" --specs=nano.specs -mfpu=fpv4-sp-d16 -mfloat-abi=hard -mthumb -o "Core/Src/main.o"
../Core/Src/main.c: In function 'update_display':
../Core/Src/main.c:337:32: warning: ' sec' directive writing 4 bytes into a region of size between 3 and 9 [-Wformat-overflow=]
  337 |         sprintf(msg, "Wait: %lu sec", time_left);
      |                                ^~~~
../Core/Src/main.c:337:9: note: 'sprintf' output between 12 and 18 bytes into a destination of size 16
  337 |         sprintf(msg, "Wait: %lu sec", time_left);
      |         ^~~~~~~~~~~~~~~~~~~~~~~~~~~~~~~~~~~~~~~~
arm-none-eabi-gcc -o "PassLock_nucleo_f446re.elf" @"objects.list"   -mcpu=cortex-m4 -T"C:\Users\AJ\OneDrive\Documents\Embedded Projects\AccessX\PassLock_nucleo_f446re\STM32F446RETX_FLASH.ld" --specs=nosys.specs -Wl,-Map="PassLock_nucleo_f446re.map" -Wl,--gc-sections -static --specs=nano.specs -mfpu=fpv4-sp-d16 -mfloat-abi=hard -mthumb -Wl,--start-group -lc -lm -Wl,--end-group
Finished building target: PassLock_nucleo_f446re.elf
 
arm-none-eabi-size  PassLock_nucleo_f446re.elf 
arm-none-eabi-objdump -h -S PassLock_nucleo_f446re.elf  > "PassLock_nucleo_f446re.list"
   text	   data	    bss	    dec	    hex	filename
  15896	    160	   2096	  18152	   46e8	PassLock_nucleo_f446re.elf
Finished building: default.size.stdout
 
Finished building: PassLock_nucleo_f446re.list
 
19:10:23 **** Incremental Build of configuration Debug for project PassLock_nucleo_f446re ****
make -j12 all 
arm-none-eabi-gcc "../Core/Src/main.c" -mcpu=cortex-m4 -std=gnu11 -g3 -DDEBUG -DUSE_HAL_DRIVER -DSTM32F446xx -c -I../Core/Inc -I../Drivers/STM32F4xx_HAL_Driver/Inc -I../Drivers/STM32F4xx_HAL_Driver/Inc/Legacy -I../Drivers/CMSIS/Device/ST/STM32F4xx/Include -I../Drivers/CMSIS/Include -O0 -ffunction-sections -fdata-sections -Wall -fstack-usage -fcyclomatic-complexity -MMD -MP -MF"Core/Src/main.d" -MT"Core/Src/main.o" --specs=nano.specs -mfpu=fpv4-sp-d16 -mfloat-abi=hard -mthumb -o "Core/Src/main.o"
../Core/Src/main.c:133:4: error: stray '@' in program
  133 |  * @brief Scan the 4x4 keypad matrix
      |    ^
../Core/Src/main.c:133:11: error: expected '=', ',', ';', 'asm' or '__attribute__' before 'Scan'
  133 |  * @brief Scan the 4x4 keypad matrix
      |           ^~~~
../Core/Src/main.c:133:11: error: unknown type name 'Scan'
../Core/Src/main.c:133:20: error: invalid suffix "x4" on integer constant
  133 |  * @brief Scan the 4x4 keypad matrix
      |                    ^~~
../Core/Src/main.c:134:4: error: stray '@' in program
  134 |  * @retval char: Pressed key character, or 0 if no key pressed
      |    ^
../Core/Src/main.c:107:17: warning: 'col_pins' defined but not used [-Wunused-variable]
  107 | static uint16_t col_pins[4] = {KEYPAD_COL1_Pin, KEYPAD_COL2_Pin, KEYPAD_COL3_Pin, KEYPAD_COL4_Pin};
      |                 ^~~~~~~~
../Core/Src/main.c:106:22: warning: 'col_ports' defined but not used [-Wunused-variable]
  106 | static GPIO_TypeDef* col_ports[4] = {KEYPAD_COL1_Port, KEYPAD_COL2_Port, KEYPAD_COL3_Port, KEYPAD_COL4_Port};
      |                      ^~~~~~~~~
../Core/Src/main.c:105:17: warning: 'row_pins' defined but not used [-Wunused-variable]
  105 | static uint16_t row_pins[4] = {KEYPAD_ROW1_Pin, KEYPAD_ROW2_Pin, KEYPAD_ROW3_Pin, KEYPAD_ROW4_Pin};
      |                 ^~~~~~~~
../Core/Src/main.c:104:22: warning: 'row_ports' defined but not used [-Wunused-variable]
  104 | static GPIO_TypeDef* row_ports[4] = {KEYPAD_ROW1_Port, KEYPAD_ROW2_Port, KEYPAD_ROW3_Port, KEYPAD_ROW4_Port};
      |                      ^~~~~~~~~
../Core/Src/main.c:96:13: warning: 'keypad_map' defined but not used [-Wunused-variable]
   96 | static char keypad_map[4][4] = {
      |             ^~~~~~~~~~
make: *** [Core/Src/subdir.mk:37: Core/Src/main.o] Error 1
"make -j12 all" terminated with exit code 2. Build might be incomplete.
19:10:58 **** Incremental Build of configuration Debug for project PassLock_nucleo_f446re ****
make -j12 all 
arm-none-eabi-gcc "../Core/Src/main.c" -mcpu=cortex-m4 -std=gnu11 -g3 -DDEBUG -DUSE_HAL_DRIVER -DSTM32F446xx -c -I../Core/Inc -I../Drivers/STM32F4xx_HAL_Driver/Inc -I../Drivers/STM32F4xx_HAL_Driver/Inc/Legacy -I../Drivers/CMSIS/Device/ST/STM32F4xx/Include -I../Drivers/CMSIS/Include -O0 -ffunction-sections -fdata-sections -Wall -fstack-usage -fcyclomatic-complexity -MMD -MP -MF"Core/Src/main.d" -MT"Core/Src/main.o" --specs=nano.specs -mfpu=fpv4-sp-d16 -mfloat-abi=hard -mthumb -o "Core/Src/main.o"
../Core/Src/main.c: In function 'update_display':
../Core/Src/main.c:337:32: warning: ' sec' directive writing 4 bytes into a region of size between 3 and 9 [-Wformat-overflow=]
  337 |         sprintf(msg, "Wait: %lu sec", time_left);
      |                                ^~~~
../Core/Src/main.c:337:9: note: 'sprintf' output between 12 and 18 bytes into a destination of size 16
  337 |         sprintf(msg, "Wait: %lu sec", time_left);
      |         ^~~~~~~~~~~~~~~~~~~~~~~~~~~~~~~~~~~~~~~~
arm-none-eabi-gcc -o "PassLock_nucleo_f446re.elf" @"objects.list"   -mcpu=cortex-m4 -T"C:\Users\AJ\OneDrive\Documents\Embedded Projects\AccessX\PassLock_nucleo_f446re\STM32F446RETX_FLASH.ld" --specs=nosys.specs -Wl,-Map="PassLock_nucleo_f446re.map" -Wl,--gc-sections -static --specs=nano.specs -mfpu=fpv4-sp-d16 -mfloat-abi=hard -mthumb -Wl,--start-group -lc -lm -Wl,--end-group
Finished building target: PassLock_nucleo_f446re.elf
 
arm-none-eabi-size  PassLock_nucleo_f446re.elf 
arm-none-eabi-objdump -h -S PassLock_nucleo_f446re.elf  > "PassLock_nucleo_f446re.list"
   text	   data	    bss	    dec	    hex	filename
  15896	    160	   2096	  18152	   46e8	PassLock_nucleo_f446re.elf
Finished building: default.size.stdout
 
Finished building: PassLock_nucleo_f446re.list
 
19:11:41 **** Incremental Build of configuration Debug for project PassLock_nucleo_f446re ****
make -j12 all 
arm-none-eabi-gcc "../Core/Src/main.c" -mcpu=cortex-m4 -std=gnu11 -g3 -DDEBUG -DUSE_HAL_DRIVER -DSTM32F446xx -c -I../Core/Inc -I../Drivers/STM32F4xx_HAL_Driver/Inc -I../Drivers/STM32F4xx_HAL_Driver/Inc/Legacy -I../Drivers/CMSIS/Device/ST/STM32F4xx/Include -I../Drivers/CMSIS/Include -O0 -ffunction-sections -fdata-sections -Wall -fstack-usage -fcyclomatic-complexity -MMD -MP -MF"Core/Src/main.d" -MT"Core/Src/main.o" --specs=nano.specs -mfpu=fpv4-sp-d16 -mfloat-abi=hard -mthumb -o "Core/Src/main.o"
arm-none-eabi-gcc -o "PassLock_nucleo_f446re.elf" @"objects.list"   -mcpu=cortex-m4 -T"C:\Users\AJ\OneDrive\Documents\Embedded Projects\AccessX\PassLock_nucleo_f446re\STM32F446RETX_FLASH.ld" --specs=nosys.specs -Wl,-Map="PassLock_nucleo_f446re.map" -Wl,--gc-sections -static --specs=nano.specs -mfpu=fpv4-sp-d16 -mfloat-abi=hard -mthumb -Wl,--start-group -lc -lm -Wl,--end-group
Finished building target: PassLock_nucleo_f446re.elf
 
arm-none-eabi-size  PassLock_nucleo_f446re.elf 
arm-none-eabi-objdump -h -S PassLock_nucleo_f446re.elf  > "PassLock_nucleo_f446re.list"
   text	   data	    bss	    dec	    hex	filename
  15904	    160	   2096	  18160	   46f0	PassLock_nucleo_f446re.elf
Finished building: default.size.stdout
 
Finished building: PassLock_nucleo_f446re.list
 
19:16:12 **** Incremental Build of configuration Debug for project PassLock_nucleo_f446re ****
make -j12 all 
arm-none-eabi-size  PassLock_nucleo_f446re.elf 
   text	   data	    bss	    dec	    hex	filename
  15904	    160	   2096	  18160	   46f0	PassLock_nucleo_f446re.elf
Finished building: default.size.stdout
 
19:17:59 **** Incremental Build of configuration Debug for project PassLock_nucleo_f446re ****
make -j12 all 
arm-none-eabi-gcc "../Core/Src/i2c-lcd.c" -mcpu=cortex-m4 -std=gnu11 -g3 -DDEBUG -DUSE_HAL_DRIVER -DSTM32F446xx -c -I../Core/Inc -I../Drivers/STM32F4xx_HAL_Driver/Inc -I../Drivers/STM32F4xx_HAL_Driver/Inc/Legacy -I../Drivers/CMSIS/Device/ST/STM32F4xx/Include -I../Drivers/CMSIS/Include -O0 -ffunction-sections -fdata-sections -Wall -fstack-usage -fcyclomatic-complexity -MMD -MP -MF"Core/Src/i2c-lcd.d" -MT"Core/Src/i2c-lcd.o" --specs=nano.specs -mfpu=fpv4-sp-d16 -mfloat-abi=hard -mthumb -o "Core/Src/i2c-lcd.o"
arm-none-eabi-gcc "../Core/Src/main.c" -mcpu=cortex-m4 -std=gnu11 -g3 -DDEBUG -DUSE_HAL_DRIVER -DSTM32F446xx -c -I../Core/Inc -I../Drivers/STM32F4xx_HAL_Driver/Inc -I../Drivers/STM32F4xx_HAL_Driver/Inc/Legacy -I../Drivers/CMSIS/Device/ST/STM32F4xx/Include -I../Drivers/CMSIS/Include -O0 -ffunction-sections -fdata-sections -Wall -fstack-usage -fcyclomatic-complexity -MMD -MP -MF"Core/Src/main.d" -MT"Core/Src/main.o" --specs=nano.specs -mfpu=fpv4-sp-d16 -mfloat-abi=hard -mthumb -o "Core/Src/main.o"
../Core/Src/i2c-lcd.c: In function 'lcd_send_internal':
../Core/Src/i2c-lcd.c:7:23: warning: variable 'res' set but not used [-Wunused-but-set-variable]
    7 |     HAL_StatusTypeDef res;
      |                       ^~~
arm-none-eabi-gcc -o "PassLock_nucleo_f446re.elf" @"objects.list"   -mcpu=cortex-m4 -T"C:\Users\AJ\OneDrive\Documents\Embedded Projects\AccessX\PassLock_nucleo_f446re\STM32F446RETX_FLASH.ld" --specs=nosys.specs -Wl,-Map="PassLock_nucleo_f446re.map" -Wl,--gc-sections -static --specs=nano.specs -mfpu=fpv4-sp-d16 -mfloat-abi=hard -mthumb -Wl,--start-group -lc -lm -Wl,--end-group
Finished building target: PassLock_nucleo_f446re.elf
 
arm-none-eabi-size  PassLock_nucleo_f446re.elf 
arm-none-eabi-objdump -h -S PassLock_nucleo_f446re.elf  > "PassLock_nucleo_f446re.list"
   text	   data	    bss	    dec	    hex	filename
  15904	    160	   2096	  18160	   46f0	PassLock_nucleo_f446re.elf
Finished building: default.size.stdout
 
Finished building: PassLock_nucleo_f446re.list
 
19:18:10 **** Incremental Build of configuration Debug for project PassLock_nucleo_f446re ****
make -j12 all 
arm-none-eabi-size  PassLock_nucleo_f446re.elf 
   text	   data	    bss	    dec	    hex	filename
  15904	    160	   2096	  18160	   46f0	PassLock_nucleo_f446re.elf
Finished building: default.size.stdout
 
19:26:42 **** Incremental Build of configuration Debug for project PassLock_nucleo_f446re ****
make -j12 all 
arm-none-eabi-gcc "../Core/Src/i2c-lcd.c" -mcpu=cortex-m4 -std=gnu11 -g3 -DDEBUG -DUSE_HAL_DRIVER -DSTM32F446xx -c -I../Core/Inc -I../Drivers/STM32F4xx_HAL_Driver/Inc -I../Drivers/STM32F4xx_HAL_Driver/Inc/Legacy -I../Drivers/CMSIS/Device/ST/STM32F4xx/Include -I../Drivers/CMSIS/Include -O0 -ffunction-sections -fdata-sections -Wall -fstack-usage -fcyclomatic-complexity -MMD -MP -MF"Core/Src/i2c-lcd.d" -MT"Core/Src/i2c-lcd.o" --specs=nano.specs -mfpu=fpv4-sp-d16 -mfloat-abi=hard -mthumb -o "Core/Src/i2c-lcd.o"
arm-none-eabi-gcc "../Core/Src/main.c" -mcpu=cortex-m4 -std=gnu11 -g3 -DDEBUG -DUSE_HAL_DRIVER -DSTM32F446xx -c -I../Core/Inc -I../Drivers/STM32F4xx_HAL_Driver/Inc -I../Drivers/STM32F4xx_HAL_Driver/Inc/Legacy -I../Drivers/CMSIS/Device/ST/STM32F4xx/Include -I../Drivers/CMSIS/Include -O0 -ffunction-sections -fdata-sections -Wall -fstack-usage -fcyclomatic-complexity -MMD -MP -MF"Core/Src/main.d" -MT"Core/Src/main.o" --specs=nano.specs -mfpu=fpv4-sp-d16 -mfloat-abi=hard -mthumb -o "Core/Src/main.o"
../Core/Src/i2c-lcd.c: In function 'lcd_send_internal':
../Core/Src/i2c-lcd.c:7:23: warning: variable 'res' set but not used [-Wunused-but-set-variable]
    7 |     HAL_StatusTypeDef res;
      |                       ^~~
arm-none-eabi-gcc -o "PassLock_nucleo_f446re.elf" @"objects.list"   -mcpu=cortex-m4 -T"C:\Users\AJ\OneDrive\Documents\Embedded Projects\AccessX\PassLock_nucleo_f446re\STM32F446RETX_FLASH.ld" --specs=nosys.specs -Wl,-Map="PassLock_nucleo_f446re.map" -Wl,--gc-sections -static --specs=nano.specs -mfpu=fpv4-sp-d16 -mfloat-abi=hard -mthumb -Wl,--start-group -lc -lm -Wl,--end-group
Finished building target: PassLock_nucleo_f446re.elf
 
arm-none-eabi-size  PassLock_nucleo_f446re.elf 
arm-none-eabi-objdump -h -S PassLock_nucleo_f446re.elf  > "PassLock_nucleo_f446re.list"
   text	   data	    bss	    dec	    hex	filename
  11764	     16	   1728	  13508	   34c4	PassLock_nucleo_f446re.elf
Finished building: default.size.stdout
 
Finished building: PassLock_nucleo_f446re.list
 
19:27:13 **** Incremental Build of configuration Debug for project PassLock_nucleo_f446re ****
make -j12 all 
arm-none-eabi-size  PassLock_nucleo_f446re.elf 
   text	   data	    bss	    dec	    hex	filename
  11764	     16	   1728	  13508	   34c4	PassLock_nucleo_f446re.elf
Finished building: default.size.stdout
 
19:30:05 **** Incremental Build of configuration Debug for project PassLock_nucleo_f446re ****
make -j12 all 
arm-none-eabi-gcc "../Core/Src/main.c" -mcpu=cortex-m4 -std=gnu11 -g3 -DDEBUG -DUSE_HAL_DRIVER -DSTM32F446xx -c -I../Core/Inc -I../Drivers/STM32F4xx_HAL_Driver/Inc -I../Drivers/STM32F4xx_HAL_Driver/Inc/Legacy -I../Drivers/CMSIS/Device/ST/STM32F4xx/Include -I../Drivers/CMSIS/Include -O0 -ffunction-sections -fdata-sections -Wall -fstack-usage -fcyclomatic-complexity -MMD -MP -MF"Core/Src/main.d" -MT"Core/Src/main.o" --specs=nano.specs -mfpu=fpv4-sp-d16 -mfloat-abi=hard -mthumb -o "Core/Src/main.o"
arm-none-eabi-gcc -o "PassLock_nucleo_f446re.elf" @"objects.list"   -mcpu=cortex-m4 -T"C:\Users\AJ\OneDrive\Documents\Embedded Projects\AccessX\PassLock_nucleo_f446re\STM32F446RETX_FLASH.ld" --specs=nosys.specs -Wl,-Map="PassLock_nucleo_f446re.map" -Wl,--gc-sections -static --specs=nano.specs -mfpu=fpv4-sp-d16 -mfloat-abi=hard -mthumb -Wl,--start-group -lc -lm -Wl,--end-group
Finished building target: PassLock_nucleo_f446re.elf
 
arm-none-eabi-size  PassLock_nucleo_f446re.elf 
arm-none-eabi-objdump -h -S PassLock_nucleo_f446re.elf  > "PassLock_nucleo_f446re.list"
   text	   data	    bss	    dec	    hex	filename
  15944	    160	   2096	  18200	   4718	PassLock_nucleo_f446re.elf
Finished building: default.size.stdout
 
Finished building: PassLock_nucleo_f446re.list
 
19:30:12 **** Incremental Build of configuration Debug for project PassLock_nucleo_f446re ****
make -j12 all 
arm-none-eabi-size  PassLock_nucleo_f446re.elf 
   text	   data	    bss	    dec	    hex	filename
  15944	    160	   2096	  18200	   4718	PassLock_nucleo_f446re.elf
Finished building: default.size.stdout
 
19:41:08 **** Incremental Build of configuration Debug for project PassLock_nucleo_f446re ****
make -j12 all 
arm-none-eabi-gcc "../Core/Src/main.c" -mcpu=cortex-m4 -std=gnu11 -g3 -DDEBUG -DUSE_HAL_DRIVER -DSTM32F446xx -c -I../Core/Inc -I../Drivers/STM32F4xx_HAL_Driver/Inc -I../Drivers/STM32F4xx_HAL_Driver/Inc/Legacy -I../Drivers/CMSIS/Device/ST/STM32F4xx/Include -I../Drivers/CMSIS/Include -O0 -ffunction-sections -fdata-sections -Wall -fstack-usage -fcyclomatic-complexity -MMD -MP -MF"Core/Src/main.d" -MT"Core/Src/main.o" --specs=nano.specs -mfpu=fpv4-sp-d16 -mfloat-abi=hard -mthumb -o "Core/Src/main.o"
../Core/Src/main.c: In function 'monitor_column_states':
../Core/Src/main.c:423:35: warning: '%d' directive writing between 1 and 3 bytes into a region of size between 2 and 6 [-Wformat-overflow=]
  423 |         sprintf(msg, "1:%d 2:%d 3:%d 4:%d", col1, col2, col3, col4);
      |                                   ^~
../Core/Src/main.c:423:22: note: directive argument in the range [0, 255]
  423 |         sprintf(msg, "1:%d 2:%d 3:%d 4:%d", col1, col2, col3, col4);
      |                      ^~~~~~~~~~~~~~~~~~~~~
../Core/Src/main.c:423:22: note: directive argument in the range [0, 255]
../Core/Src/main.c:423:9: note: 'sprintf' output between 16 and 24 bytes into a destination of size 16
  423 |         sprintf(msg, "1:%d 2:%d 3:%d 4:%d", col1, col2, col3, col4);
      |         ^~~~~~~~~~~~~~~~~~~~~~~~~~~~~~~~~~~~~~~~~~~~~~~~~~~~~~~~~~~
arm-none-eabi-gcc -o "PassLock_nucleo_f446re.elf" @"objects.list"   -mcpu=cortex-m4 -T"C:\Users\AJ\OneDrive\Documents\Embedded Projects\AccessX\PassLock_nucleo_f446re\STM32F446RETX_FLASH.ld" --specs=nosys.specs -Wl,-Map="PassLock_nucleo_f446re.map" -Wl,--gc-sections -static --specs=nano.specs -mfpu=fpv4-sp-d16 -mfloat-abi=hard -mthumb -Wl,--start-group -lc -lm -Wl,--end-group
Finished building target: PassLock_nucleo_f446re.elf
 
arm-none-eabi-size  PassLock_nucleo_f446re.elf 
arm-none-eabi-objdump -h -S PassLock_nucleo_f446re.elf  > "PassLock_nucleo_f446re.list"
   text	   data	    bss	    dec	    hex	filename
  16180	    160	   2096	  18436	   4804	PassLock_nucleo_f446re.elf
Finished building: default.size.stdout
 
Finished building: PassLock_nucleo_f446re.list
 
19:43:06 **** Incremental Build of configuration Debug for project PassLock_nucleo_f446re ****
make -j12 all 
[...]
../Core/Src/main.c: In function 'main':
../Core/Src/main.c:140:18: error: 'debug_line' undeclared (first use in this function)
  140 |         snprintf(debug_line, sizeof(debug_line), "C1:%d C2:%d C3:%d C4:%d", col1, col2, col3, col4);
      |                  ^~~~~~~~~~
../Core/Src/main.c:140:18: note: each undeclared identifier is reported only once for each function it appears in
../Core/Src/main.c:230:13: error: invalid storage class for function 'MX_I2C1_Init'
  230 | static void MX_I2C1_Init(void)
      |             ^~~~~~~~~~~~
../Core/Src/main.c:264:13: error: invalid storage class for function 'MX_USART2_UART_Init'
  264 | static void MX_USART2_UART_Init(void)
      |             ^~~~~~~~~~~~~~~~~~~
../Core/Src/main.c:297:13: error: invalid storage class for function 'MX_GPIO_Init'
  297 | static void MX_GPIO_Init(void)
      |             ^~~~~~~~~~~~
../Core/Src/main.c:379:1: error: expected declaration or statement at end of input
  379 | }
      | ^
../Core/Src/main.c: At top level:
../Core/Src/main.c:57:13: warning: 'MX_GPIO_Init' used but never defined
   57 | static void MX_GPIO_Init(void);
      |             ^~~~~~~~~~~~
../Core/Src/main.c:58:13: warning: 'MX_I2C1_Init' used but never defined
   58 | static void MX_I2C1_Init(void);
      |             ^~~~~~~~~~~~
../Core/Src/main.c:59:13: warning: 'MX_USART2_UART_Init' used but never defined
   59 | static void MX_USART2_UART_Init(void);
      |             ^~~~~~~~~~~~~~~~~~~
../Core/Src/main.c:370:6: warning: 'Error_Handler' defined but not used [-Wunused-function]
  370 | void Error_Handler(void)
      |      ^~~~~~~~~~~~~
../Core/Src/main.c:297:13: warning: 'MX_GPIO_Init' defined but not used [-Wunused-function]
  297 | static void MX_GPIO_Init(void)
      |             ^~~~~~~~~~~~
../Core/Src/main.c:264:13: warning: 'MX_USART2_UART_Init' defined but not used [-Wunused-function]
  264 | static void MX_USART2_UART_Init(void)
      |             ^~~~~~~~~~~~~~~~~~~
../Core/Src/main.c:230:13: warning: 'MX_I2C1_Init' defined but not used [-Wunused-function]
  230 | static void MX_I2C1_Init(void)
      |             ^~~~~~~~~~~~
../Core/Src/main.c:188:6: warning: 'SystemClock_Config' defined but not used [-Wunused-function]
  188 | void SystemClock_Config(void)
      |      ^~~~~~~~~~~~~~~~~~
make: *** [Core/Src/subdir.mk:40: Core/Src/main.o] Error 1
"make -j12 all" terminated with exit code 2. Build might be incomplete.
20:02:14 **** Incremental Build of configuration Debug for project PassLock_nucleo_f446re ****
make -j12 all 
arm-none-eabi-gcc "../Core/Src/main.c" -mcpu=cortex-m4 -std=gnu11 -g3 -DDEBUG -DUSE_HAL_DRIVER -DSTM32F446xx -c -I../Core/Inc -I../Drivers/STM32F4xx_HAL_Driver/Inc -I../Drivers/STM32F4xx_HAL_Driver/Inc/Legacy -I../Drivers/CMSIS/Device/ST/STM32F4xx/Include -I../Drivers/CMSIS/Include -O0 -ffunction-sections -fdata-sections -Wall -fstack-usage -fcyclomatic-complexity -MMD -MP -MF"Core/Src/main.d" -MT"Core/Src/main.o" --specs=nano.specs -mfpu=fpv4-sp-d16 -mfloat-abi=hard -mthumb -o "Core/Src/main.o"
arm-none-eabi-gcc -o "PassLock_nucleo_f446re.elf" @"objects.list"   -mcpu=cortex-m4 -T"C:\Users\AJ\OneDrive\Documents\Embedded Projects\AccessX\PassLock_nucleo_f446re\STM32F446RETX_FLASH.ld" --specs=nosys.specs -Wl,-Map="PassLock_nucleo_f446re.map" -Wl,--gc-sections -static --specs=nano.specs -mfpu=fpv4-sp-d16 -mfloat-abi=hard -mthumb -Wl,--start-group -lc -lm -Wl,--end-group
Finished building target: PassLock_nucleo_f446re.elf
 
arm-none-eabi-size  PassLock_nucleo_f446re.elf 
arm-none-eabi-objdump -h -S PassLock_nucleo_f446re.elf  > "PassLock_nucleo_f446re.list"
   text	   data	    bss	    dec	    hex	filename
  15092	    144	   2104	  17340	   43bc	PassLock_nucleo_f446re.elf
Finished building: default.size.stdout
 
Finished building: PassLock_nucleo_f446re.list
 
20:03:22 **** Incremental Build of configuration Debug for project PassLock_nucleo_f446re ****
make -j12 all 
arm-none-eabi-gcc "../Core/Src/main.c" -mcpu=cortex-m4 -std=gnu11 -g3 -DDEBUG -DUSE_HAL_DRIVER -DSTM32F446xx -c -I../Core/Inc -I../Drivers/STM32F4xx_HAL_Driver/Inc -I../Drivers/STM32F4xx_HAL_Driver/Inc/Legacy -I../Drivers/CMSIS/Device/ST/STM32F4xx/Include -I../Drivers/CMSIS/Include -O0 -ffunction-sections -fdata-sections -Wall -fstack-usage -fcyclomatic-complexity -MMD -MP -MF"Core/Src/main.d" -MT"Core/Src/main.o" --specs=nano.specs -mfpu=fpv4-sp-d16 -mfloat-abi=hard -mthumb -o "Core/Src/main.o"
../Core/Src/main.c: In function 'main':
../Core/Src/main.c:140:22: error: 'debug_line' undeclared (first use in this function)
  140 |             snprintf(debug_line, sizeof(debug_line), "C1:%d C2:%d C3:%d C4:%d", col1, col2, col3, col4);
      |                      ^~~~~~~~~~
../Core/Src/main.c:140:22: note: each undeclared identifier is reported only once for each function it appears in
make: *** [Core/Src/subdir.mk:40: Core/Src/main.o] Error 1
"make -j12 all" terminated with exit code 2. Build might be incomplete.
20:03:55 **** Incremental Build of configuration Debug for project PassLock_nucleo_f446re ****
make -j12 all 
arm-none-eabi-gcc "../Core/Src/main.c" -mcpu=cortex-m4 -std=gnu11 -g3 -DDEBUG -DUSE_HAL_DRIVER -DSTM32F446xx -c -I../Core/Inc -I../Drivers/STM32F4xx_HAL_Driver/Inc -I../Drivers/STM32F4xx_HAL_Driver/Inc/Legacy -I../Drivers/CMSIS/Device/ST/STM32F4xx/Include -I../Drivers/CMSIS/Include -O0 -ffunction-sections -fdata-sections -Wall -fstack-usage -fcyclomatic-complexity -MMD -MP -MF"Core/Src/main.d" -MT"Core/Src/main.o" --specs=nano.specs -mfpu=fpv4-sp-d16 -mfloat-abi=hard -mthumb -o "Core/Src/main.o"
../Core/Src/main.c: In function 'main':
../Core/Src/main.c:142:70: warning: '%d' directive output may be truncated writing between 1 and 3 bytes into a region of size between 0 and 4 [-Wformat-truncation=]
  142 |             snprintf(debug_line, sizeof(debug_line), "C1:%d C2:%d C3:%d C4:%d", col1, col2, col3, col4);
      |                                                                      ^~
../Core/Src/main.c:142:54: note: directive argument in the range [0, 255]
  142 |             snprintf(debug_line, sizeof(debug_line), "C1:%d C2:%d C3:%d C4:%d", col1, col2, col3, col4);
      |                                                      ^~~~~~~~~~~~~~~~~~~~~~~~~
../Core/Src/main.c:142:54: note: directive argument in the range [0, 255]
../Core/Src/main.c:142:13: note: 'snprintf' output between 20 and 28 bytes into a destination of size 17
  142 |             snprintf(debug_line, sizeof(debug_line), "C1:%d C2:%d C3:%d C4:%d", col1, col2, col3, col4);
      |             ^~~~~~~~~~~~~~~~~~~~~~~~~~~~~~~~~~~~~~~~~~~~~~~~~~~~~~~~~~~~~~~~~~~~~~~~~~~~~~~~~~~~~~~~~~~
arm-none-eabi-gcc -o "PassLock_nucleo_f446re.elf" @"objects.list"   -mcpu=cortex-m4 -T"C:\Users\AJ\OneDrive\Documents\Embedded Projects\AccessX\PassLock_nucleo_f446re\STM32F446RETX_FLASH.ld" --specs=nosys.specs -Wl,-Map="PassLock_nucleo_f446re.map" -Wl,--gc-sections -static --specs=nano.specs -mfpu=fpv4-sp-d16 -mfloat-abi=hard -mthumb -Wl,--start-group -lc -lm -Wl,--end-group
Finished building target: PassLock_nucleo_f446re.elf
 
arm-none-eabi-size  PassLock_nucleo_f446re.elf 
arm-none-eabi-objdump -h -S PassLock_nucleo_f446re.elf  > "PassLock_nucleo_f446re.list"
   text	   data	    bss	    dec	    hex	filename
  14712	    120	   2080	  16912	   4210	PassLock_nucleo_f446re.elf
Finished building: default.size.stdout
 
Finished building: PassLock_nucleo_f446re.list
 
20:04:30 **** Incremental Build of configuration Debug for project PassLock_nucleo_f446re ****
make -j12 all 
arm-none-eabi-size  PassLock_nucleo_f446re.elf 
   text	   data	    bss	    dec	    hex	filename
  14712	    120	   2080	  16912	   4210	PassLock_nucleo_f446re.elf
Finished building: default.size.stdout
 
20:10:16 **** Incremental Build of configuration Debug for project PassLock_nucleo_f446re ****
make -j12 all 
arm-none-eabi-gcc "../Core/Src/main.c" -mcpu=cortex-m4 -std=gnu11 -g3 -DDEBUG -DUSE_HAL_DRIVER -DSTM32F446xx -c -I../Core/Inc -I../Drivers/STM32F4xx_HAL_Driver/Inc -I../Drivers/STM32F4xx_HAL_Driver/Inc/Legacy -I../Drivers/CMSIS/Device/ST/STM32F4xx/Include -I../Drivers/CMSIS/Include -O0 -ffunction-sections -fdata-sections -Wall -fstack-usage -fcyclomatic-complexity -MMD -MP -MF"Core/Src/main.d" -MT"Core/Src/main.o" --specs=nano.specs -mfpu=fpv4-sp-d16 -mfloat-abi=hard -mthumb -o "Core/Src/main.o"
../Core/Src/main.c: In function 'main':
../Core/Src/main.c:188:72: warning: '%s' directive output may be truncated writing up to 16 bytes into a region of size 10 [-Wformat-truncation=]
  188 |                   snprintf(display_line, sizeof(display_line), "Input: %s", input_buffer);
      |                                                                        ^~   ~~~~~~~~~~~~
../Core/Src/main.c:188:19: note: 'snprintf' output between 8 and 24 bytes into a destination of size 17
  188 |                   snprintf(display_line, sizeof(display_line), "Input: %s", input_buffer);
      |                   ^~~~~~~~~~~~~~~~~~~~~~~~~~~~~~~~~~~~~~~~~~~~~~~~~~~~~~~~~~~~~~~~~~~~~~~
arm-none-eabi-gcc -o "PassLock_nucleo_f446re.elf" @"objects.list"   -mcpu=cortex-m4 -T"C:\Users\AJ\OneDrive\Documents\Embedded Projects\AccessX\PassLock_nucleo_f446re\STM32F446RETX_FLASH.ld" --specs=nosys.specs -Wl,-Map="PassLock_nucleo_f446re.map" -Wl,--gc-sections -static --specs=nano.specs -mfpu=fpv4-sp-d16 -mfloat-abi=hard -mthumb -Wl,--start-group -lc -lm -Wl,--end-group
Finished building target: PassLock_nucleo_f446re.elf
 
arm-none-eabi-size  PassLock_nucleo_f446re.elf 
arm-none-eabi-objdump -h -S PassLock_nucleo_f446re.elf  > "PassLock_nucleo_f446re.list"
   text	   data	    bss	    dec	    hex	filename
  14964	    144	   2104	  17212	   433c	PassLock_nucleo_f446re.elf
Finished building: default.size.stdout
 
Finished building: PassLock_nucleo_f446re.list
 
20:11:01 **** Incremental Build of configuration Debug for project PassLock_nucleo_f446re ****
make -j12 all 
arm-none-eabi-gcc "../Core/Src/main.c" -mcpu=cortex-m4 -std=gnu11 -g3 -DDEBUG -DUSE_HAL_DRIVER -DSTM32F446xx -c -I../Core/Inc -I../Drivers/STM32F4xx_HAL_Driver/Inc -I../Drivers/STM32F4xx_HAL_Driver/Inc/Legacy -I../Drivers/CMSIS/Device/ST/STM32F4xx/Include -I../Drivers/CMSIS/Include -O0 -ffunction-sections -fdata-sections -Wall -fstack-usage -fcyclomatic-complexity -MMD -MP -MF"Core/Src/main.d" -MT"Core/Src/main.o" --specs=nano.specs -mfpu=fpv4-sp-d16 -mfloat-abi=hard -mthumb -o "Core/Src/main.o"
arm-none-eabi-gcc -o "PassLock_nucleo_f446re.elf" @"objects.list"   -mcpu=cortex-m4 -T"C:\Users\AJ\OneDrive\Documents\Embedded Projects\AccessX\PassLock_nucleo_f446re\STM32F446RETX_FLASH.ld" --specs=nosys.specs -Wl,-Map="PassLock_nucleo_f446re.map" -Wl,--gc-sections -static --specs=nano.specs -mfpu=fpv4-sp-d16 -mfloat-abi=hard -mthumb -Wl,--start-group -lc -lm -Wl,--end-group
Finished building target: PassLock_nucleo_f446re.elf
 
arm-none-eabi-size  PassLock_nucleo_f446re.elf 
arm-none-eabi-objdump -h -S PassLock_nucleo_f446re.elf  > "PassLock_nucleo_f446re.list"
   text	   data	    bss	    dec	    hex	filename
  15092	    144	   2104	  17340	   43bc	PassLock_nucleo_f446re.elf
Finished building: default.size.stdout
 
Finished building: PassLock_nucleo_f446re.list
 
20:11:07 **** Incremental Build of configuration Debug for project PassLock_nucleo_f446re ****
make -j12 all 
arm-none-eabi-size  PassLock_nucleo_f446re.elf 
   text	   data	    bss	    dec	    hex	filename
  15092	    144	   2104	  17340	   43bc	PassLock_nucleo_f446re.elf
Finished building: default.size.stdout
 
20:20:44 **** Incremental Build of configuration Debug for project PassLock_nucleo_f446re ****
make -j12 all 
arm-none-eabi-size  PassLock_nucleo_f446re.elf 
   text	   data	    bss	    dec	    hex	filename
  15092	    144	   2104	  17340	   43bc	PassLock_nucleo_f446re.elf
Finished building: default.size.stdout
 
20:33:22 **** Incremental Build of configuration Debug for project PassLock_nucleo_f446re ****
make -j12 all 
arm-none-eabi-size  PassLock_nucleo_f446re.elf 
   text	   data	    bss	    dec	    hex	filename
  15092	    144	   2104	  17340	   43bc	PassLock_nucleo_f446re.elf
Finished building: default.size.stdout
 
20:44:51 **** Incremental Build of configuration Debug for project PassLock_nucleo_f446re ****
make -j12 all 
arm-none-eabi-gcc "../Core/Src/keypad.c" -mcpu=cortex-m4 -std=gnu11 -g3 -DDEBUG -DUSE_HAL_DRIVER -DSTM32F446xx -c -I../Core/Inc -I../Drivers/STM32F4xx_HAL_Driver/Inc -I../Drivers/STM32F4xx_HAL_Driver/Inc/Legacy -I../Drivers/CMSIS/Device/ST/STM32F4xx/Include -I../Drivers/CMSIS/Include -O0 -ffunction-sections -fdata-sections -Wall -fstack-usage -fcyclomatic-complexity -MMD -MP -MF"Core/Src/keypad.d" -MT"Core/Src/keypad.o" --specs=nano.specs -mfpu=fpv4-sp-d16 -mfloat-abi=hard -mthumb -o "Core/Src/keypad.o"
arm-none-eabi-gcc "../Core/Src/main.c" -mcpu=cortex-m4 -std=gnu11 -g3 -DDEBUG -DUSE_HAL_DRIVER -DSTM32F446xx -c -I../Core/Inc -I../Drivers/STM32F4xx_HAL_Driver/Inc -I../Drivers/STM32F4xx_HAL_Driver/Inc/Legacy -I../Drivers/CMSIS/Device/ST/STM32F4xx/Include -I../Drivers/CMSIS/Include -O0 -ffunction-sections -fdata-sections -Wall -fstack-usage -fcyclomatic-complexity -MMD -MP -MF"Core/Src/main.d" -MT"Core/Src/main.o" --specs=nano.specs -mfpu=fpv4-sp-d16 -mfloat-abi=hard -mthumb -o "Core/Src/main.o"
arm-none-eabi-gcc -o "PassLock_nucleo_f446re.elf" @"objects.list"   -mcpu=cortex-m4 -T"C:\Users\AJ\OneDrive\Documents\Embedded Projects\AccessX\PassLock_nucleo_f446re\STM32F446RETX_FLASH.ld" --specs=nosys.specs -Wl,-Map="PassLock_nucleo_f446re.map" -Wl,--gc-sections -static --specs=nano.specs -mfpu=fpv4-sp-d16 -mfloat-abi=hard -mthumb -Wl,--start-group -lc -lm -Wl,--end-group
Finished building target: PassLock_nucleo_f446re.elf
 
arm-none-eabi-size  PassLock_nucleo_f446re.elf 
arm-none-eabi-objdump -h -S PassLock_nucleo_f446re.elf  > "PassLock_nucleo_f446re.list"
   text	   data	    bss	    dec	    hex	filename
  15092	    144	   2104	  17340	   43bc	PassLock_nucleo_f446re.elf
Finished building: default.size.stdout
 
Finished building: PassLock_nucleo_f446re.list
 
20:44:55 **** Incremental Build of configuration Debug for project PassLock_nucleo_f446re ****
make -j12 all 
arm-none-eabi-size  PassLock_nucleo_f446re.elf 
   text	   data	    bss	    dec	    hex	filename
  15092	    144	   2104	  17340	   43bc	PassLock_nucleo_f446re.elf
Finished building: default.size.stdout
 
20:48:21 **** Incremental Build of configuration Debug for project PassLock_nucleo_f446re ****
make -j12 all 
arm-none-eabi-gcc "../Core/Src/keypad.c" -mcpu=cortex-m4 -std=gnu11 -g3 -DDEBUG -DUSE_HAL_DRIVER -DSTM32F446xx -c -I../Core/Inc -I../Drivers/STM32F4xx_HAL_Driver/Inc -I../Drivers/STM32F4xx_HAL_Driver/Inc/Legacy -I../Drivers/CMSIS/Device/ST/STM32F4xx/Include -I../Drivers/CMSIS/Include -O0 -ffunction-sections -fdata-sections -Wall -fstack-usage -fcyclomatic-complexity -MMD -MP -MF"Core/Src/keypad.d" -MT"Core/Src/keypad.o" --specs=nano.specs -mfpu=fpv4-sp-d16 -mfloat-abi=hard -mthumb -o "Core/Src/keypad.o"
arm-none-eabi-gcc "../Core/Src/main.c" -mcpu=cortex-m4 -std=gnu11 -g3 -DDEBUG -DUSE_HAL_DRIVER -DSTM32F446xx -c -I../Core/Inc -I../Drivers/STM32F4xx_HAL_Driver/Inc -I../Drivers/STM32F4xx_HAL_Driver/Inc/Legacy -I../Drivers/CMSIS/Device/ST/STM32F4xx/Include -I../Drivers/CMSIS/Include -O0 -ffunction-sections -fdata-sections -Wall -fstack-usage -fcyclomatic-complexity -MMD -MP -MF"Core/Src/main.d" -MT"Core/Src/main.o" --specs=nano.specs -mfpu=fpv4-sp-d16 -mfloat-abi=hard -mthumb -o "Core/Src/main.o"
arm-none-eabi-gcc -o "PassLock_nucleo_f446re.elf" @"objects.list"   -mcpu=cortex-m4 -T"C:\Users\AJ\OneDrive\Documents\Embedded Projects\AccessX\PassLock_nucleo_f446re\STM32F446RETX_FLASH.ld" --specs=nosys.specs -Wl,-Map="PassLock_nucleo_f446re.map" -Wl,--gc-sections -static --specs=nano.specs -mfpu=fpv4-sp-d16 -mfloat-abi=hard -mthumb -Wl,--start-group -lc -lm -Wl,--end-group
Finished building target: PassLock_nucleo_f446re.elf
 
arm-none-eabi-size  PassLock_nucleo_f446re.elf 
arm-none-eabi-objdump -h -S PassLock_nucleo_f446re.elf  > "PassLock_nucleo_f446re.list"
   text	   data	    bss	    dec	    hex	filename
  15092	    144	   2104	  17340	   43bc	PassLock_nucleo_f446re.elf
Finished building: default.size.stdout
 
Finished building: PassLock_nucleo_f446re.list
 
20:48:26 **** Incremental Build of configuration Debug for project PassLock_nucleo_f446re ****
make -j12 all 
arm-none-eabi-size  PassLock_nucleo_f446re.elf 
   text	   data	    bss	    dec	    hex	filename
  15092	    144	   2104	  17340	   43bc	PassLock_nucleo_f446re.elf
Finished building: default.size.stdout
 
20:55:32 **** Incremental Build of configuration Debug for project PassLock_nucleo_f446re ****
make -j12 all 
arm-none-eabi-gcc "../Core/Src/main.c" -mcpu=cortex-m4 -std=gnu11 -g3 -DDEBUG -DUSE_HAL_DRIVER -DSTM32F446xx -c -I../Core/Inc -I../Drivers/STM32F4xx_HAL_Driver/Inc -I../Drivers/STM32F4xx_HAL_Driver/Inc/Legacy -I../Drivers/CMSIS/Device/ST/STM32F4xx/Include -I../Drivers/CMSIS/Include -O0 -ffunction-sections -fdata-sections -Wall -fstack-usage -fcyclomatic-complexity -MMD -MP -MF"Core/Src/main.d" -MT"Core/Src/main.o" --specs=nano.specs -mfpu=fpv4-sp-d16 -mfloat-abi=hard -mthumb -o "Core/Src/main.o"
arm-none-eabi-gcc -o "PassLock_nucleo_f446re.elf" @"objects.list"   -mcpu=cortex-m4 -T"C:\Users\AJ\OneDrive\Documents\Embedded Projects\AccessX\PassLock_nucleo_f446re\STM32F446RETX_FLASH.ld" --specs=nosys.specs -Wl,-Map="PassLock_nucleo_f446re.map" -Wl,--gc-sections -static --specs=nano.specs -mfpu=fpv4-sp-d16 -mfloat-abi=hard -mthumb -Wl,--start-group -lc -lm -Wl,--end-group
Finished building target: PassLock_nucleo_f446re.elf
 
arm-none-eabi-size  PassLock_nucleo_f446re.elf 
arm-none-eabi-objdump -h -S PassLock_nucleo_f446re.elf  > "PassLock_nucleo_f446re.list"
   text	   data	    bss	    dec	    hex	filename
  16000	    144	   2096	  18240	   4740	PassLock_nucleo_f446re.elf
Finished building: default.size.stdout
 
Finished building: PassLock_nucleo_f446re.list
 
20:55:49 **** Incremental Build of configuration Debug for project PassLock_nucleo_f446re ****
make -j12 all 
arm-none-eabi-size  PassLock_nucleo_f446re.elf 
   text	   data	    bss	    dec	    hex	filename
  16000	    144	   2096	  18240	   4740	PassLock_nucleo_f446re.elf
Finished building: default.size.stdout
 
21:06:25 **** Incremental Build of configuration Debug for project PassLock_nucleo_f446re ****
make -j12 all 
arm-none-eabi-size  PassLock_nucleo_f446re.elf 
   text	   data	    bss	    dec	    hex	filename
  16000	    144	   2096	  18240	   4740	PassLock_nucleo_f446re.elf
Finished building: default.size.stdout
 
21:08:13 **** Incremental Build of configuration Debug for project PassLock_nucleo_f446re ****
make -j12 all 
arm-none-eabi-size  PassLock_nucleo_f446re.elf 
   text	   data	    bss	    dec	    hex	filename
  16000	    144	   2096	  18240	   4740	PassLock_nucleo_f446re.elf
Finished building: default.size.stdout
 
21:08:17 **** Incremental Build of configuration Debug for project PassLock_nucleo_f446re ****
make -j12 all 
arm-none-eabi-size  PassLock_nucleo_f446re.elf 
   text	   data	    bss	    dec	    hex	filename
  16000	    144	   2096	  18240	   4740	PassLock_nucleo_f446re.elf
Finished building: default.size.stdout
 
21:10:33 **** Incremental Build of configuration Debug for project PassLock_nucleo_f446re ****
make -j12 all 
arm-none-eabi-size  PassLock_nucleo_f446re.elf 
   text	   data	    bss	    dec	    hex	filename
  16000	    144	   2096	  18240	   4740	PassLock_nucleo_f446re.elf
Finished building: default.size.stdout
 
